(---------------------------------------------------------------------)
(                                                                     )
(    Allegro Netrev Import Logic                                      )
(                                                                     )
(    Drawing          : LM741.brd                                     )
(    Software Version : 23.1P001                                      )
(    Date/Time        : Sat Mar 30 13:11:07 2024                      )
(                                                                     )
(---------------------------------------------------------------------)


------ Directives ------------

Ripup etch:                  No
Ripup delete first segment:  No
Ripup retain bondwire:       No
Ripup symbols:               Always
Missing symbol has error:    No
DRC update:                  Yes
Schematic directory:         'D:\Projects\ProjectScience\hardwarePCB\ProjectID_LM741\allegro'
Design Directory:            'D:/Projects/ProjectScience/hardwarePCB/ProjectID_LM741/allegro'
Old design name:             'D:/Projects/ProjectScience/hardwarePCB/ProjectID_LM741/allegro/LM741.brd'
New design name:             'D:/Projects/ProjectScience/hardwarePCB/ProjectID_LM741/allegro/LM741.brd'

CmdLine: netrev.exe -y 1 -n -i D:\Projects\ProjectScience\hardwarePCB\ProjectID_LM741\allegro D:/Projects/ProjectScience/hardwarePCB/ProjectID_LM741/allegro/LM741.brd D:/Projects/ProjectScience/hardwarePCB/ProjectID_LM741/allegro/LM741.brd

------ Preparing to read pst files ------

Starting to read D:/Projects/ProjectScience/hardwarePCB/ProjectID_LM741/allegro/pstchip.dat 
   Finished reading D:/Projects/ProjectScience/hardwarePCB/ProjectID_LM741/allegro/pstchip.dat (00:00:00.09)
Starting to read D:/Projects/ProjectScience/hardwarePCB/ProjectID_LM741/allegro/pstxprt.dat 
   Finished reading D:/Projects/ProjectScience/hardwarePCB/ProjectID_LM741/allegro/pstxprt.dat (00:00:00.00)
Starting to read D:/Projects/ProjectScience/hardwarePCB/ProjectID_LM741/allegro/pstxnet.dat 
   Finished reading D:/Projects/ProjectScience/hardwarePCB/ProjectID_LM741/allegro/pstxnet.dat (00:00:00.00)

------ Oversights/Warnings/Errors ------


------ Library Paths ------
MODULEPATH =  . 
           C:/Cadence/SPB_23.1/share/local/pcb/modules 

PSMPATH =  . 
           symbols 
           .. 
           ../symbols 
           C:/Cadence/SPB_23.1/share/local/pcb/symbols 
           C:/Cadence/SPB_23.1/share/pcb/pcb_lib/symbols 
           C:/Cadence/SPB_23.1/share/pcb/allegrolib/symbols 

PADPATH =  . 
           symbols 
           .. 
           ../symbols 
           C:/Cadence/SPB_23.1/share/local/pcb/padstacks 
           C:/Cadence/SPB_23.1/share/pcb/pcb_lib/symbols 
           C:/Cadence/SPB_23.1/share/pcb/allegrolib/symbols 


------ Summary Statistics ------


netrev run on Mar 30 13:11:07 2024
   DESIGN NAME : 'LM741'
   PACKAGING ON Sep 29 2023 23:54:04

   COMPILE 'logic'
   CHECK_PIN_NAMES OFF
   CROSS_REFERENCE OFF
   FEEDBACK OFF
   INCREMENTAL OFF
   INTERFACE_TYPE PHYSICAL
   MAX_ERRORS 500
   MERGE_MINIMUM 5
   NET_NAME_CHARS '#%&()*+-./:=>?@[]^_`|'
   NET_NAME_LENGTH 24
   OVERSIGHTS ON
   REPLACE_CHECK OFF
   SINGLE_NODE_NETS ON
   SPLIT_MINIMUM 0
   SUPPRESS   20
   WARNINGS ON

 No error detected
 No oversight detected
 No warning detected

cpu time      0:01:48
elapsed time  0:00:01

