../Core/Src/main.c:80:5:main	8	static
../Core/Src/main.c:129:6:SystemClock_Config	128	static
../Core/Src/main.c:183:13:MX_I2C1_Init	8	static
../Core/Src/main.c:231:13:MX_SPI1_Init	8	static
../Core/Src/main.c:269:13:MX_SPI2_Init	8	static
../Core/Src/main.c:307:13:MX_TSC_Init	8	static
../Core/Src/main.c:350:13:MX_USART1_UART_Init	8	static
../Core/Src/main.c:385:13:MX_USB_PCD_Init	8	static
../Core/Src/main.c:417:13:MX_GPIO_Init	56	static
../Core/Src/main.c:479:6:Error_Handler	8	static,ignoring_inline_asm
