../Core/Src/stm32l0xx_hal_msp.c:64:6:HAL_MspInit	8	static
../Core/Src/stm32l0xx_hal_msp.c:86:6:HAL_I2C_MspInit	48	static
../Core/Src/stm32l0xx_hal_msp.c:122:6:HAL_I2C_MspDeInit	16	static
../Core/Src/stm32l0xx_hal_msp.c:153:6:HAL_SPI_MspInit	56	static
../Core/Src/stm32l0xx_hal_msp.c:224:6:HAL_SPI_MspDeInit	16	static
../Core/Src/stm32l0xx_hal_msp.c:276:6:HAL_TSC_MspInit	56	static
../Core/Src/stm32l0xx_hal_msp.c:338:6:HAL_TSC_MspDeInit	16	static
../Core/Src/stm32l0xx_hal_msp.c:373:6:HAL_UART_MspInit	48	static
../Core/Src/stm32l0xx_hal_msp.c:409:6:HAL_UART_MspDeInit	16	static
../Core/Src/stm32l0xx_hal_msp.c:438:6:HAL_PCD_MspInit	16	static
../Core/Src/stm32l0xx_hal_msp.c:460:6:HAL_PCD_MspDeInit	16	static
