Archive member included to satisfy reference by file (symbol)

C:/ST/STM32CubeIDE_1.13.2/STM32CubeIDE/plugins/com.st.stm32cube.ide.mcu.externaltools.gnu-tools-for-stm32.11.3.rel1.win32_1.1.100.202309141235/tools/bin/../lib/gcc/arm-none-eabi/11.3.1/../../../../arm-none-eabi/lib/thumb/v7e-m+fp/hard\libc_nano.a(libc_a-exit.o)
                              C:/ST/STM32CubeIDE_1.13.2/STM32CubeIDE/plugins/com.st.stm32cube.ide.mcu.externaltools.gnu-tools-for-stm32.11.3.rel1.win32_1.1.100.202309141235/tools/bin/../lib/gcc/arm-none-eabi/11.3.1/../../../../arm-none-eabi/lib/thumb/v7e-m+fp/hard/crt0.o (exit)
C:/ST/STM32CubeIDE_1.13.2/STM32CubeIDE/plugins/com.st.stm32cube.ide.mcu.externaltools.gnu-tools-for-stm32.11.3.rel1.win32_1.1.100.202309141235/tools/bin/../lib/gcc/arm-none-eabi/11.3.1/../../../../arm-none-eabi/lib/thumb/v7e-m+fp/hard\libc_nano.a(libc_a-malloc.o)
                              ./Middlewares/ST/STM32_USB_Host_Library/Class/CDC/Src/usbh_cdc.o (malloc)
C:/ST/STM32CubeIDE_1.13.2/STM32CubeIDE/plugins/com.st.stm32cube.ide.mcu.externaltools.gnu-tools-for-stm32.11.3.rel1.win32_1.1.100.202309141235/tools/bin/../lib/gcc/arm-none-eabi/11.3.1/../../../../arm-none-eabi/lib/thumb/v7e-m+fp/hard\libc_nano.a(libc_a-mallocr.o)
                              C:/ST/STM32CubeIDE_1.13.2/STM32CubeIDE/plugins/com.st.stm32cube.ide.mcu.externaltools.gnu-tools-for-stm32.11.3.rel1.win32_1.1.100.202309141235/tools/bin/../lib/gcc/arm-none-eabi/11.3.1/../../../../arm-none-eabi/lib/thumb/v7e-m+fp/hard\libc_nano.a(libc_a-malloc.o) (_malloc_r)
C:/ST/STM32CubeIDE_1.13.2/STM32CubeIDE/plugins/com.st.stm32cube.ide.mcu.externaltools.gnu-tools-for-stm32.11.3.rel1.win32_1.1.100.202309141235/tools/bin/../lib/gcc/arm-none-eabi/11.3.1/../../../../arm-none-eabi/lib/thumb/v7e-m+fp/hard\libc_nano.a(libc_a-mlock.o)
                              C:/ST/STM32CubeIDE_1.13.2/STM32CubeIDE/plugins/com.st.stm32cube.ide.mcu.externaltools.gnu-tools-for-stm32.11.3.rel1.win32_1.1.100.202309141235/tools/bin/../lib/gcc/arm-none-eabi/11.3.1/../../../../arm-none-eabi/lib/thumb/v7e-m+fp/hard\libc_nano.a(libc_a-mallocr.o) (__malloc_lock)
C:/ST/STM32CubeIDE_1.13.2/STM32CubeIDE/plugins/com.st.stm32cube.ide.mcu.externaltools.gnu-tools-for-stm32.11.3.rel1.win32_1.1.100.202309141235/tools/bin/../lib/gcc/arm-none-eabi/11.3.1/../../../../arm-none-eabi/lib/thumb/v7e-m+fp/hard\libc_nano.a(libc_a-findfp.o)
                              C:/ST/STM32CubeIDE_1.13.2/STM32CubeIDE/plugins/com.st.stm32cube.ide.mcu.externaltools.gnu-tools-for-stm32.11.3.rel1.win32_1.1.100.202309141235/tools/bin/../lib/gcc/arm-none-eabi/11.3.1/../../../../arm-none-eabi/lib/thumb/v7e-m+fp/hard\libc_nano.a(libc_a-exit.o) (__stdio_exit_handler)
C:/ST/STM32CubeIDE_1.13.2/STM32CubeIDE/plugins/com.st.stm32cube.ide.mcu.externaltools.gnu-tools-for-stm32.11.3.rel1.win32_1.1.100.202309141235/tools/bin/../lib/gcc/arm-none-eabi/11.3.1/../../../../arm-none-eabi/lib/thumb/v7e-m+fp/hard\libc_nano.a(libc_a-fwalk.o)
                              C:/ST/STM32CubeIDE_1.13.2/STM32CubeIDE/plugins/com.st.stm32cube.ide.mcu.externaltools.gnu-tools-for-stm32.11.3.rel1.win32_1.1.100.202309141235/tools/bin/../lib/gcc/arm-none-eabi/11.3.1/../../../../arm-none-eabi/lib/thumb/v7e-m+fp/hard\libc_nano.a(libc_a-findfp.o) (_fwalk_sglue)
C:/ST/STM32CubeIDE_1.13.2/STM32CubeIDE/plugins/com.st.stm32cube.ide.mcu.externaltools.gnu-tools-for-stm32.11.3.rel1.win32_1.1.100.202309141235/tools/bin/../lib/gcc/arm-none-eabi/11.3.1/../../../../arm-none-eabi/lib/thumb/v7e-m+fp/hard\libc_nano.a(libc_a-stdio.o)
                              C:/ST/STM32CubeIDE_1.13.2/STM32CubeIDE/plugins/com.st.stm32cube.ide.mcu.externaltools.gnu-tools-for-stm32.11.3.rel1.win32_1.1.100.202309141235/tools/bin/../lib/gcc/arm-none-eabi/11.3.1/../../../../arm-none-eabi/lib/thumb/v7e-m+fp/hard\libc_nano.a(libc_a-findfp.o) (__sread)
C:/ST/STM32CubeIDE_1.13.2/STM32CubeIDE/plugins/com.st.stm32cube.ide.mcu.externaltools.gnu-tools-for-stm32.11.3.rel1.win32_1.1.100.202309141235/tools/bin/../lib/gcc/arm-none-eabi/11.3.1/../../../../arm-none-eabi/lib/thumb/v7e-m+fp/hard\libc_nano.a(libc_a-memset.o)
                              C:/ST/STM32CubeIDE_1.13.2/STM32CubeIDE/plugins/com.st.stm32cube.ide.mcu.externaltools.gnu-tools-for-stm32.11.3.rel1.win32_1.1.100.202309141235/tools/bin/../lib/gcc/arm-none-eabi/11.3.1/../../../../arm-none-eabi/lib/thumb/v7e-m+fp/hard/crt0.o (memset)
C:/ST/STM32CubeIDE_1.13.2/STM32CubeIDE/plugins/com.st.stm32cube.ide.mcu.externaltools.gnu-tools-for-stm32.11.3.rel1.win32_1.1.100.202309141235/tools/bin/../lib/gcc/arm-none-eabi/11.3.1/../../../../arm-none-eabi/lib/thumb/v7e-m+fp/hard\libc_nano.a(libc_a-closer.o)
                              C:/ST/STM32CubeIDE_1.13.2/STM32CubeIDE/plugins/com.st.stm32cube.ide.mcu.externaltools.gnu-tools-for-stm32.11.3.rel1.win32_1.1.100.202309141235/tools/bin/../lib/gcc/arm-none-eabi/11.3.1/../../../../arm-none-eabi/lib/thumb/v7e-m+fp/hard\libc_nano.a(libc_a-stdio.o) (_close_r)
[...]
Memory Configuration

Name             Origin             Length             Attributes
CCMRAM           0x0000000010000000 0x0000000000010000 xrw
RAM              0x0000000020000000 0x0000000000030000 xrw
FLASH            0x0000000008000000 0x0000000000200000 xr
*default*        0x0000000000000000 0xffffffffffffffff

Linker script and memory map

LOAD C:/ST/STM32CubeIDE_1.13.2/STM32CubeIDE/plugins/com.st.stm32cube.ide.mcu.externaltools.gnu-tools-for-stm32.11.3.rel1.win32_1.1.100.202309141235/tools/bin/../lib/gcc/arm-none-eabi/11.3.1/thumb/v7e-m+fp/hard/crti.o
LOAD C:/ST/STM32CubeIDE_1.13.2/STM32CubeIDE/plugins/com.st.stm32cube.ide.mcu.externaltools.gnu-tools-for-stm32.11.3.rel1.win32_1.1.100.202309141235/tools/bin/../lib/gcc/arm-none-eabi/11.3.1/thumb/v7e-m+fp/hard/crtbegin.o
LOAD C:/ST/STM32CubeIDE_1.13.2/STM32CubeIDE/plugins/com.st.stm32cube.ide.mcu.externaltools.gnu-tools-for-stm32.11.3.rel1.win32_1.1.100.202309141235/tools/bin/../lib/gcc/arm-none-eabi/11.3.1/../../../../arm-none-eabi/lib/thumb/v7e-m+fp/hard/crt0.o
LOAD ./Core/Src/freertos.o
LOAD ./Core/Src/main.o
LOAD ./Core/Src/stm32f4xx_hal_msp.o
LOAD ./Core/Src/stm32f4xx_hal_timebase_tim.o
LOAD ./Core/Src/stm32f4xx_it.o
LOAD ./Core/Src/syscalls.o
LOAD ./Core/Src/sysmem.o
LOAD ./Core/Src/system_stm32f4xx.o
LOAD ./Core/Startup/startup_stm32f429zitx.o
LOAD ./Drivers/STM32F4xx_HAL_Driver/Src/stm32f4xx_hal.o
LOAD ./Drivers/STM32F4xx_HAL_Driver/Src/stm32f4xx_hal_cortex.o
LOAD ./Drivers/STM32F4xx_HAL_Driver/Src/stm32f4xx_hal_crc.o
LOAD ./Drivers/STM32F4xx_HAL_Driver/Src/stm32f4xx_hal_dma.o
LOAD ./Drivers/STM32F4xx_HAL_Driver/Src/stm32f4xx_hal_dma2d.o
LOAD ./Drivers/STM32F4xx_HAL_Driver/Src/stm32f4xx_hal_dma_ex.o
LOAD ./Drivers/STM32F4xx_HAL_Driver/Src/stm32f4xx_hal_dsi.o
LOAD ./Drivers/STM32F4xx_HAL_Driver/Src/stm32f4xx_hal_exti.o
LOAD ./Drivers/STM32F4xx_HAL_Driver/Src/stm32f4xx_hal_flash.o
LOAD ./Drivers/STM32F4xx_HAL_Driver/Src/stm32f4xx_hal_flash_ex.o
LOAD ./Drivers/STM32F4xx_HAL_Driver/Src/stm32f4xx_hal_flash_ramfunc.o
LOAD ./Drivers/STM32F4xx_HAL_Driver/Src/stm32f4xx_hal_gpio.o
LOAD ./Drivers/STM32F4xx_HAL_Driver/Src/stm32f4xx_hal_hcd.o
LOAD ./Drivers/STM32F4xx_HAL_Driver/Src/stm32f4xx_hal_i2c.o
LOAD ./Drivers/STM32F4xx_HAL_Driver/Src/stm32f4xx_hal_i2c_ex.o
LOAD ./Drivers/STM32F4xx_HAL_Driver/Src/stm32f4xx_hal_ltdc.o
LOAD ./Drivers/STM32F4xx_HAL_Driver/Src/stm32f4xx_hal_ltdc_ex.o
LOAD ./Drivers/STM32F4xx_HAL_Driver/Src/stm32f4xx_hal_pwr.o
LOAD ./Drivers/STM32F4xx_HAL_Driver/Src/stm32f4xx_hal_pwr_ex.o
LOAD ./Drivers/STM32F4xx_HAL_Driver/Src/stm32f4xx_hal_rcc.o
LOAD ./Drivers/STM32F4xx_HAL_Driver/Src/stm32f4xx_hal_rcc_ex.o
LOAD ./Drivers/STM32F4xx_HAL_Driver/Src/stm32f4xx_hal_sdram.o
LOAD ./Drivers/STM32F4xx_HAL_Driver/Src/stm32f4xx_hal_spi.o
LOAD ./Drivers/STM32F4xx_HAL_Driver/Src/stm32f4xx_hal_tim.o
LOAD ./Drivers/STM32F4xx_HAL_Driver/Src/stm32f4xx_hal_tim_ex.o
LOAD ./Drivers/STM32F4xx_HAL_Driver/Src/stm32f4xx_hal_uart.o
LOAD ./Drivers/STM32F4xx_HAL_Driver/Src/stm32f4xx_ll_fmc.o
LOAD ./Drivers/STM32F4xx_HAL_Driver/Src/stm32f4xx_ll_usb.o
LOAD ./Middlewares/ST/STM32_USB_Host_Library/Class/CDC/Src/usbh_cdc.o
LOAD ./Middlewares/ST/STM32_USB_Host_Library/Core/Src/usbh_core.o
LOAD ./Middlewares/ST/STM32_USB_Host_Library/Core/Src/usbh_ctlreq.o
LOAD ./Middlewares/ST/STM32_USB_Host_Library/Core/Src/usbh_ioreq.o
LOAD ./Middlewares/ST/STM32_USB_Host_Library/Core/Src/usbh_pipes.o
LOAD ./Middlewares/Third_Party/FreeRTOS/Source/CMSIS_RTOS/cmsis_os.o
LOAD ./Middlewares/Third_Party/FreeRTOS/Source/croutine.o
LOAD ./Middlewares/Third_Party/FreeRTOS/Source/event_groups.o
LOAD ./Middlewares/Third_Party/FreeRTOS/Source/list.o
LOAD ./Middlewares/Third_Party/FreeRTOS/Source/queue.o
LOAD ./Middlewares/Third_Party/FreeRTOS/Source/stream_buffer.o
LOAD ./Middlewares/Third_Party/FreeRTOS/Source/tasks.o
LOAD ./Middlewares/Third_Party/FreeRTOS/Source/timers.o
LOAD ./Middlewares/Third_Party/FreeRTOS/Source/portable/GCC/ARM_CM4F/port.o
LOAD ./Middlewares/Third_Party/FreeRTOS/Source/portable/MemMang/heap_4.o
LOAD ./USB_HOST/App/usb_host.o
LOAD ./USB_HOST/Target/usbh_conf.o
LOAD ./USB_HOST/Target/usbh_platform.o
START GROUP
LOAD C:/ST/STM32CubeIDE_1.13.2/STM32CubeIDE/plugins/com.st.stm32cube.ide.mcu.externaltools.gnu-tools-for-stm32.11.3.rel1.win32_1.1.100.202309141235/tools/bin/../lib/gcc/arm-none-eabi/11.3.1/../../../../arm-none-eabi/lib/thumb/v7e-m+fp/hard\libstdc++_nano.a
LOAD C:/ST/STM32CubeIDE_1.13.2/STM32CubeIDE/plugins/com.st.stm32cube.ide.mcu.externaltools.gnu-tools-for-stm32.11.3.rel1.win32_1.1.100.202309141235/tools/bin/../lib/gcc/arm-none-eabi/11.3.1/../../../../arm-none-eabi/lib/thumb/v7e-m+fp/hard\libsupc++_nano.a
END GROUP
LOAD C:/ST/STM32CubeIDE_1.13.2/STM32CubeIDE/plugins/com.st.stm32cube.ide.mcu.externaltools.gnu-tools-for-stm32.11.3.rel1.win32_1.1.100.202309141235/tools/bin/../lib/gcc/arm-none-eabi/11.3.1/../../../../arm-none-eabi/lib/thumb/v7e-m+fp/hard\libstdc++_nano.a
LOAD C:/ST/STM32CubeIDE_1.13.2/STM32CubeIDE/plugins/com.st.stm32cube.ide.mcu.externaltools.gnu-tools-for-stm32.11.3.rel1.win32_1.1.100.202309141235/tools/bin/../lib/gcc/arm-none-eabi/11.3.1/../../../../arm-none-eabi/lib/thumb/v7e-m+fp/hard\libm.a
LOAD C:/ST/STM32CubeIDE_1.13.2/STM32CubeIDE/plugins/com.st.stm32cube.ide.mcu.externaltools.gnu-tools-for-stm32.11.3.rel1.win32_1.1.100.202309141235/tools/bin/../lib/gcc/arm-none-eabi/11.3.1/../../../../arm-none-eabi/lib/thumb/v7e-m+fp/hard\libc_nano.a
START GROUP
LOAD C:/ST/STM32CubeIDE_1.13.2/STM32CubeIDE/plugins/com.st.stm32cube.ide.mcu.externaltools.gnu-tools-for-stm32.11.3.rel1.win32_1.1.100.202309141235/tools/bin/../lib/gcc/arm-none-eabi/11.3.1/thumb/v7e-m+fp/hard\libgcc.a
LOAD C:/ST/STM32CubeIDE_1.13.2/STM32CubeIDE/plugins/com.st.stm32cube.ide.mcu.externaltools.gnu-tools-for-stm32.11.3.rel1.win32_1.1.100.202309141235/tools/bin/../lib/gcc/arm-none-eabi/11.3.1/../../../../arm-none-eabi/lib/thumb/v7e-m+fp/hard\libc_nano.a
END GROUP
START GROUP
LOAD C:/ST/STM32CubeIDE_1.13.2/STM32CubeIDE/plugins/com.st.stm32cube.ide.mcu.externaltools.gnu-tools-for-stm32.11.3.rel1.win32_1.1.100.202309141235/tools/bin/../lib/gcc/arm-none-eabi/11.3.1/thumb/v7e-m+fp/hard\libgcc.a
LOAD C:/ST/STM32CubeIDE_1.13.2/STM32CubeIDE/plugins/com.st.stm32cube.ide.mcu.externaltools.gnu-tools-for-stm32.11.3.rel1.win32_1.1.100.202309141235/tools/bin/../lib/gcc/arm-none-eabi/11.3.1/../../../../arm-none-eabi/lib/thumb/v7e-m+fp/hard\libc_nano.a
LOAD C:/ST/STM32CubeIDE_1.13.2/STM32CubeIDE/plugins/com.st.stm32cube.ide.mcu.externaltools.gnu-tools-for-stm32.11.3.rel1.win32_1.1.100.202309141235/tools/bin/../lib/gcc/arm-none-eabi/11.3.1/../../../../arm-none-eabi/lib/thumb/v7e-m+fp/hard\libnosys.a
END GROUP
START GROUP
LOAD C:/ST/STM32CubeIDE_1.13.2/STM32CubeIDE/plugins/com.st.stm32cube.ide.mcu.externaltools.gnu-tools-for-stm32.11.3.rel1.win32_1.1.100.202309141235/tools/bin/../lib/gcc/arm-none-eabi/11.3.1/thumb/v7e-m+fp/hard\libgcc.a
LOAD C:/ST/STM32CubeIDE_1.13.2/STM32CubeIDE/plugins/com.st.stm32cube.ide.mcu.externaltools.gnu-tools-for-stm32.11.3.rel1.win32_1.1.100.202309141235/tools/bin/../lib/gcc/arm-none-eabi/11.3.1/../../../../arm-none-eabi/lib/thumb/v7e-m+fp/hard\libc_nano.a
LOAD C:/ST/STM32CubeIDE_1.13.2/STM32CubeIDE/plugins/com.st.stm32cube.ide.mcu.externaltools.gnu-tools-for-stm32.11.3.rel1.win32_1.1.100.202309141235/tools/bin/../lib/gcc/arm-none-eabi/11.3.1/../../../../arm-none-eabi/lib/thumb/v7e-m+fp/hard\libnosys.a
END GROUP
LOAD C:/ST/STM32CubeIDE_1.13.2/STM32CubeIDE/plugins/com.st.stm32cube.ide.mcu.externaltools.gnu-tools-for-stm32.11.3.rel1.win32_1.1.100.202309141235/tools/bin/../lib/gcc/arm-none-eabi/11.3.1/thumb/v7e-m+fp/hard/crtend.o
LOAD C:/ST/STM32CubeIDE_1.13.2/STM32CubeIDE/plugins/com.st.stm32cube.ide.mcu.externaltools.gnu-tools-for-stm32.11.3.rel1.win32_1.1.100.202309141235/tools/bin/../lib/gcc/arm-none-eabi/11.3.1/thumb/v7e-m+fp/hard/crtn.o
                0x0000000020030000                _estack = (ORIGIN (RAM) + LENGTH (RAM))
                0x0000000000000200                _Min_Heap_Size = 0x200
                0x0000000000000400                _Min_Stack_Size = 0x400

.isr_vector     0x0000000008000000      0x1ac
                0x0000000008000000                . = ALIGN (0x4)
 *(.isr_vector)
 .isr_vector    0x0000000008000000      0x1ac ./Core/Startup/startup_stm32f429zitx.o
                0x0000000008000000                g_pfnVectors
                0x00000000080001ac                . = ALIGN (0x4)

.text           0x00000000080001b0     0xd074
                0x00000000080001b0                . = ALIGN (0x4)
 *(.text)
 .text          0x00000000080001b0       0x40 C:/ST/STM32CubeIDE_1.13.2/STM32CubeIDE/plugins/com.st.stm32cube.ide.mcu.externaltools.gnu-tools-for-stm32.11.3.rel1.win32_1.1.100.202309141235/tools/bin/../lib/gcc/arm-none-eabi/11.3.1/thumb/v7e-m+fp/hard/crtbegin.o
 .text          0x00000000080001f0       0x30 C:/ST/STM32CubeIDE_1.13.2/STM32CubeIDE/plugins/com.st.stm32cube.ide.mcu.externaltools.gnu-tools-for-stm32.11.3.rel1.win32_1.1.100.202309141235/tools/bin/../lib/gcc/arm-none-eabi/11.3.1/thumb/v7e-m+fp/hard\libgcc.a(_aeabi_uldivmod.o)
                0x00000000080001f0                __aeabi_uldivmod
 .text          0x0000000008000220      0x2c8 C:/ST/STM32CubeIDE_1.13.2/STM32CubeIDE/plugins/com.st.stm32cube.ide.mcu.externaltools.gnu-tools-for-stm32.11.3.rel1.win32_1.1.100.202309141235/tools/bin/../lib/gcc/arm-none-eabi/11.3.1/thumb/v7e-m+fp/hard\libgcc.a(_udivmoddi4.o)
                0x0000000008000220                __udivmoddi4
 .text          0x00000000080004e8        0x4 C:/ST/STM32CubeIDE_1.13.2/STM32CubeIDE/plugins/com.st.stm32cube.ide.mcu.externaltools.gnu-tools-for-stm32.11.3.rel1.win32_1.1.100.202309141235/tools/bin/../lib/gcc/arm-none-eabi/11.3.1/thumb/v7e-m+fp/hard\libgcc.a(_dvmd_tls.o)
                0x00000000080004e8                __aeabi_idiv0
                0x00000000080004e8                __aeabi_ldiv0
 *(.text*)
 .text.vApplicationIdleHook
                0x00000000080004ec        0xe ./Core/Src/freertos.o
                0x00000000080004ec                vApplicationIdleHook
 .text.vApplicationStackOverflowHook
                0x00000000080004fa       0x16 ./Core/Src/freertos.o
                0x00000000080004fa                vApplicationStackOverflowHook
 .text.vApplicationMallocFailedHook
                0x0000000008000510        0xe ./Core/Src/freertos.o
                0x0000000008000510                vApplicationMallocFailedHook
 *fill*         0x000000000800051e        0x2 
 .text.vApplicationGetIdleTaskMemory
                0x0000000008000520       0x34 ./Core/Src/freertos.o
                0x0000000008000520                vApplicationGetIdleTaskMemory
 .text.main     0x0000000008000554       0x64 ./Core/Src/main.o
                0x0000000008000554                main
 .text.SystemClock_Config
                0x00000000080005b8       0xd4 ./Core/Src/main.o
                0x00000000080005b8                SystemClock_Config
 .text.MX_CRC_Init
                0x000000000800068c       0x28 ./Core/Src/main.o
 .text.MX_DMA2D_Init
                0x00000000080006b4       0x64 ./Core/Src/main.o
 .text.MX_I2C3_Init
                0x0000000008000718       0x80 ./Core/Src/main.o
 .text.MX_LTDC_Init
                0x0000000008000798      0x100 ./Core/Src/main.o
 .text.MX_SPI5_Init
                0x0000000008000898       0x6c ./Core/Src/main.o
 .text.MX_TIM1_Init
                0x0000000008000904       0xa0 ./Core/Src/main.o
 .text.MX_USART1_UART_Init
                0x00000000080009a4       0x54 ./Core/Src/main.o
 .text.MX_FMC_Init
                0x00000000080009f8       0xa0 ./Core/Src/main.o
 .text.MX_GPIO_Init
                0x0000000008000a98      0x220 ./Core/Src/main.o
 .text.StartDefaultTask
                0x0000000008000cb8       0x14 ./Core/Src/main.o
                0x0000000008000cb8                StartDefaultTask
 .text.HAL_TIM_PeriodElapsedCallback
                0x0000000008000ccc       0x24 ./Core/Src/main.o
                0x0000000008000ccc                HAL_TIM_PeriodElapsedCallback
 .text.Error_Handler
                0x0000000008000cf0        0xa ./Core/Src/main.o
                0x0000000008000cf0                Error_Handler
 *fill*         0x0000000008000cfa        0x2 
 .text.HAL_MspInit
                0x0000000008000cfc       0x58 ./Core/Src/stm32f4xx_hal_msp.o
                0x0000000008000cfc                HAL_MspInit
 .text.HAL_CRC_MspInit
                0x0000000008000d54       0x44 ./Core/Src/stm32f4xx_hal_msp.o
                0x0000000008000d54                HAL_CRC_MspInit
 .text.HAL_DMA2D_MspInit
                0x0000000008000d98       0x50 ./Core/Src/stm32f4xx_hal_msp.o
                0x0000000008000d98                HAL_DMA2D_MspInit
 .text.HAL_I2C_MspInit
                0x0000000008000de8       0xd4 ./Core/Src/stm32f4xx_hal_msp.o
                0x0000000008000de8                HAL_I2C_MspInit
 .text.HAL_LTDC_MspInit
                0x0000000008000ebc      0x260 ./Core/Src/stm32f4xx_hal_msp.o
                0x0000000008000ebc                HAL_LTDC_MspInit
 .text.HAL_SPI_MspInit
                0x000000000800111c       0x90 ./Core/Src/stm32f4xx_hal_msp.o
                0x000000000800111c                HAL_SPI_MspInit
 .text.HAL_TIM_Base_MspInit
                0x00000000080011ac       0x44 ./Core/Src/stm32f4xx_hal_msp.o
                0x00000000080011ac                HAL_TIM_Base_MspInit
 .text.HAL_UART_MspInit
                0x00000000080011f0       0x90 ./Core/Src/stm32f4xx_hal_msp.o
                0x00000000080011f0                HAL_UART_MspInit
 .text.HAL_FMC_MspInit
                0x0000000008001280      0x124 ./Core/Src/stm32f4xx_hal_msp.o
 .text.HAL_SDRAM_MspInit
                0x00000000080013a4       0x14 ./Core/Src/stm32f4xx_hal_msp.o
                0x00000000080013a4                HAL_SDRAM_MspInit
 .text.HAL_InitTick
                0x00000000080013b8       0xf8 ./Core/Src/stm32f4xx_hal_timebase_tim.o
                0x00000000080013b8                HAL_InitTick
 .text.NMI_Handler
                0x00000000080014b0        0x6 ./Core/Src/stm32f4xx_it.o
                0x00000000080014b0                NMI_Handler
 .text.HardFault_Handler
                0x00000000080014b6        0x6 ./Core/Src/stm32f4xx_it.o
                0x00000000080014b6                HardFault_Handler
 .text.MemManage_Handler
                0x00000000080014bc        0x6 ./Core/Src/stm32f4xx_it.o
                0x00000000080014bc                MemManage_Handler
 .text.BusFault_Handler
                0x00000000080014c2        0x6 ./Core/Src/stm32f4xx_it.o
                0x00000000080014c2                BusFault_Handler
 .text.UsageFault_Handler
                0x00000000080014c8        0x6 ./Core/Src/stm32f4xx_it.o
                0x00000000080014c8                UsageFault_Handler
 .text.DebugMon_Handler
                0x00000000080014ce        0xe ./Core/Src/stm32f4xx_it.o
                0x00000000080014ce                DebugMon_Handler
 .text.TIM6_DAC_IRQHandler
                0x00000000080014dc       0x14 ./Core/Src/stm32f4xx_it.o
                0x00000000080014dc                TIM6_DAC_IRQHandler
 .text.OTG_HS_IRQHandler
                0x00000000080014f0       0x14 ./Core/Src/stm32f4xx_it.o
                0x00000000080014f0                OTG_HS_IRQHandler
 .text.LTDC_IRQHandler
                0x0000000008001504       0x14 ./Core/Src/stm32f4xx_it.o
                0x0000000008001504                LTDC_IRQHandler
 .text.DMA2D_IRQHandler
                0x0000000008001518       0x14 ./Core/Src/stm32f4xx_it.o
                0x0000000008001518                DMA2D_IRQHandler
 .text._sbrk    0x000000000800152c       0x6c ./Core/Src/sysmem.o
                0x000000000800152c                _sbrk
 .text.SystemInit
                0x0000000008001598       0x24 ./Core/Src/system_stm32f4xx.o
                0x0000000008001598                SystemInit
 .text.Reset_Handler
                0x00000000080015bc       0x50 ./Core/Startup/startup_stm32f429zitx.o
                0x00000000080015bc                Reset_Handler
 .text.Default_Handler
                0x000000000800160c        0x2 ./Core/Startup/startup_stm32f429zitx.o
                0x000000000800160c                RTC_Alarm_IRQHandler
                0x000000000800160c                HASH_RNG_IRQHandler
                0x000000000800160c                EXTI2_IRQHandler
                0x000000000800160c                TIM8_CC_IRQHandler
                0x000000000800160c                UART8_IRQHandler
                0x000000000800160c                SPI4_IRQHandler
                0x000000000800160c                TIM1_CC_IRQHandler
                0x000000000800160c                DMA2_Stream5_IRQHandler
                0x000000000800160c                DMA1_Stream5_IRQHandler
                0x000000000800160c                PVD_IRQHandler
                0x000000000800160c                SDIO_IRQHandler
                0x000000000800160c                TAMP_STAMP_IRQHandler
                0x000000000800160c                CAN2_RX1_IRQHandler
                0x000000000800160c                EXTI3_IRQHandler
                0x000000000800160c                TIM8_TRG_COM_TIM14_IRQHandler
                0x000000000800160c                TIM1_UP_TIM10_IRQHandler
                0x000000000800160c                TIM8_UP_TIM13_IRQHandler
                0x000000000800160c                I2C3_ER_IRQHandler
                0x000000000800160c                EXTI0_IRQHandler
                0x000000000800160c                I2C2_EV_IRQHandler
                0x000000000800160c                DMA1_Stream2_IRQHandler
                0x000000000800160c                CAN1_RX0_IRQHandler
                0x000000000800160c                FPU_IRQHandler
                0x000000000800160c                OTG_HS_WKUP_IRQHandler
                0x000000000800160c                LTDC_ER_IRQHandler
                0x000000000800160c                CAN2_SCE_IRQHandler
                0x000000000800160c                DMA2_Stream2_IRQHandler
                0x000000000800160c                SPI1_IRQHandler
                0x000000000800160c                TIM1_BRK_TIM9_IRQHandler
                0x000000000800160c                DCMI_IRQHandler
                0x000000000800160c                CAN2_RX0_IRQHandler
                0x000000000800160c                DMA2_Stream3_IRQHandler
                0x000000000800160c                USART6_IRQHandler
                0x000000000800160c                USART3_IRQHandler
                0x000000000800160c                CAN1_RX1_IRQHandler
                0x000000000800160c                UART5_IRQHandler
                0x000000000800160c                DMA2_Stream0_IRQHandler
                0x000000000800160c                TIM4_IRQHandler
                0x000000000800160c                I2C1_EV_IRQHandler
                0x000000000800160c                DMA1_Stream6_IRQHandler
                0x000000000800160c                DMA1_Stream1_IRQHandler
                0x000000000800160c                UART4_IRQHandler
                0x000000000800160c                TIM3_IRQHandler
                0x000000000800160c                RCC_IRQHandler
                0x000000000800160c                TIM8_BRK_TIM12_IRQHandler
                0x000000000800160c                Default_Handler
                0x000000000800160c                EXTI15_10_IRQHandler
                0x000000000800160c                ADC_IRQHandler
                0x000000000800160c                DMA1_Stream7_IRQHandler
                0x000000000800160c                SPI5_IRQHandler
                0x000000000800160c                TIM7_IRQHandler
                0x000000000800160c                CAN2_TX_IRQHandler
                0x000000000800160c                TIM5_IRQHandler
                0x000000000800160c                DMA2_Stream7_IRQHandler
                0x000000000800160c                I2C3_EV_IRQHandler
                0x000000000800160c                EXTI9_5_IRQHandler
                0x000000000800160c                RTC_WKUP_IRQHandler
                0x000000000800160c                ETH_WKUP_IRQHandler
                0x000000000800160c                SPI2_IRQHandler
                0x000000000800160c                OTG_HS_EP1_IN_IRQHandler
                0x000000000800160c                DMA1_Stream0_IRQHandler
                0x000000000800160c                CAN1_TX_IRQHandler
                0x000000000800160c                EXTI4_IRQHandler
                0x000000000800160c                ETH_IRQHandler
                0x000000000800160c                OTG_HS_EP1_OUT_IRQHandler
                0x000000000800160c                WWDG_IRQHandler
                0x000000000800160c                SPI6_IRQHandler
                0x000000000800160c                TIM2_IRQHandler
                0x000000000800160c                OTG_FS_WKUP_IRQHandler
                0x000000000800160c                TIM1_TRG_COM_TIM11_IRQHandler
                0x000000000800160c                EXTI1_IRQHandler
                0x000000000800160c                UART7_IRQHandler
                0x000000000800160c                USART2_IRQHandler
                0x000000000800160c                I2C2_ER_IRQHandler
                0x000000000800160c                DMA2_Stream1_IRQHandler
                0x000000000800160c                CAN1_SCE_IRQHandler
                0x000000000800160c                FLASH_IRQHandler
                0x000000000800160c                DMA2_Stream4_IRQHandler
                0x000000000800160c                USART1_IRQHandler
                0x000000000800160c                OTG_FS_IRQHandler
                0x000000000800160c                SPI3_IRQHandler
                0x000000000800160c                DMA1_Stream4_IRQHandler
                0x000000000800160c                I2C1_ER_IRQHandler
                0x000000000800160c                FMC_IRQHandler
                0x000000000800160c                DMA2_Stream6_IRQHandler
                0x000000000800160c                SAI1_IRQHandler
                0x000000000800160c                DMA1_Stream3_IRQHandler
 *fill*         0x000000000800160e        0x2 
 .text.HAL_Init
                0x0000000008001610       0x44 ./Drivers/STM32F4xx_HAL_Driver/Src/stm32f4xx_hal.o
                0x0000000008001610                HAL_Init
 .text.HAL_IncTick
                0x0000000008001654       0x28 ./Drivers/STM32F4xx_HAL_Driver/Src/stm32f4xx_hal.o
                0x0000000008001654                HAL_IncTick
 .text.HAL_GetTick
                0x000000000800167c       0x18 ./Drivers/STM32F4xx_HAL_Driver/Src/stm32f4xx_hal.o
                0x000000000800167c                HAL_GetTick
 .text.HAL_Delay
                0x0000000008001694       0x48 ./Drivers/STM32F4xx_HAL_Driver/Src/stm32f4xx_hal.o
                0x0000000008001694                HAL_Delay
 .text.__NVIC_SetPriorityGrouping
                0x00000000080016dc       0x48 ./Drivers/STM32F4xx_HAL_Driver/Src/stm32f4xx_hal_cortex.o
 .text.__NVIC_GetPriorityGrouping
                0x0000000008001724       0x1c ./Drivers/STM32F4xx_HAL_Driver/Src/stm32f4xx_hal_cortex.o
 .text.__NVIC_EnableIRQ
                0x0000000008001740       0x3c ./Drivers/STM32F4xx_HAL_Driver/Src/stm32f4xx_hal_cortex.o
 .text.__NVIC_SetPriority
                0x000000000800177c       0x54 ./Drivers/STM32F4xx_HAL_Driver/Src/stm32f4xx_hal_cortex.o
 .text.NVIC_EncodePriority
                0x00000000080017d0       0x66 ./Drivers/STM32F4xx_HAL_Driver/Src/stm32f4xx_hal_cortex.o
 .text.HAL_NVIC_SetPriorityGrouping
                0x0000000008001836       0x16 ./Drivers/STM32F4xx_HAL_Driver/Src/stm32f4xx_hal_cortex.o
                0x0000000008001836                HAL_NVIC_SetPriorityGrouping
 .text.HAL_NVIC_SetPriority
                0x000000000800184c       0x38 ./Drivers/STM32F4xx_HAL_Driver/Src/stm32f4xx_hal_cortex.o
                0x000000000800184c                HAL_NVIC_SetPriority
 .text.HAL_NVIC_EnableIRQ
                0x0000000008001884       0x1c ./Drivers/STM32F4xx_HAL_Driver/Src/stm32f4xx_hal_cortex.o
                0x0000000008001884                HAL_NVIC_EnableIRQ
 .text.HAL_CRC_Init
                0x00000000080018a0       0x38 ./Drivers/STM32F4xx_HAL_Driver/Src/stm32f4xx_hal_crc.o
                0x00000000080018a0                HAL_CRC_Init
 .text.HAL_DMA2D_Init
                0x00000000080018d8       0x92 ./Drivers/STM32F4xx_HAL_Driver/Src/stm32f4xx_hal_dma2d.o
                0x00000000080018d8                HAL_DMA2D_Init
 .text.HAL_DMA2D_IRQHandler
                0x000000000800196a      0x1f8 ./Drivers/STM32F4xx_HAL_Driver/Src/stm32f4xx_hal_dma2d.o
                0x000000000800196a                HAL_DMA2D_IRQHandler
 .text.HAL_DMA2D_LineEventCallback
                0x0000000008001b62       0x14 ./Drivers/STM32F4xx_HAL_Driver/Src/stm32f4xx_hal_dma2d.o
                0x0000000008001b62                HAL_DMA2D_LineEventCallback
 .text.HAL_DMA2D_CLUTLoadingCpltCallback
                0x0000000008001b76       0x14 ./Drivers/STM32F4xx_HAL_Driver/Src/stm32f4xx_hal_dma2d.o
                0x0000000008001b76                HAL_DMA2D_CLUTLoadingCpltCallback
 *fill*         0x0000000008001b8a        0x2 
 .text.HAL_DMA2D_ConfigLayer
                0x0000000008001b8c      0x124 ./Drivers/STM32F4xx_HAL_Driver/Src/stm32f4xx_hal_dma2d.o
                0x0000000008001b8c                HAL_DMA2D_ConfigLayer
 .text.HAL_GPIO_Init
                0x0000000008001cb0      0x358 ./Drivers/STM32F4xx_HAL_Driver/Src/stm32f4xx_hal_gpio.o
                0x0000000008001cb0                HAL_GPIO_Init
 .text.HAL_GPIO_WritePin
                0x0000000008002008       0x32 ./Drivers/STM32F4xx_HAL_Driver/Src/stm32f4xx_hal_gpio.o
                0x0000000008002008                HAL_GPIO_WritePin
 .text.HAL_HCD_Init
                0x000000000800203a       0xce ./Drivers/STM32F4xx_HAL_Driver/Src/stm32f4xx_hal_hcd.o
                0x000000000800203a                HAL_HCD_Init
 .text.HAL_HCD_HC_Init
                0x0000000008002108      0x170 ./Drivers/STM32F4xx_HAL_Driver/Src/stm32f4xx_hal_hcd.o
                0x0000000008002108                HAL_HCD_HC_Init
 .text.HAL_HCD_HC_Halt
                0x0000000008002278       0x46 ./Drivers/STM32F4xx_HAL_Driver/Src/stm32f4xx_hal_hcd.o
                0x0000000008002278                HAL_HCD_HC_Halt
 *fill*         0x00000000080022be        0x2 
 .text.HAL_HCD_HC_SubmitRequest
                0x00000000080022c0      0x33c ./Drivers/STM32F4xx_HAL_Driver/Src/stm32f4xx_hal_hcd.o
                0x00000000080022c0                HAL_HCD_HC_SubmitRequest
 .text.HAL_HCD_IRQHandler
                0x00000000080025fc      0x220 ./Drivers/STM32F4xx_HAL_Driver/Src/stm32f4xx_hal_hcd.o
                0x00000000080025fc                HAL_HCD_IRQHandler
 .text.HAL_HCD_Start
                0x000000000800281c       0x46 ./Drivers/STM32F4xx_HAL_Driver/Src/stm32f4xx_hal_hcd.o
                0x000000000800281c                HAL_HCD_Start
 .text.HAL_HCD_Stop
                0x0000000008002862       0x3a ./Drivers/STM32F4xx_HAL_Driver/Src/stm32f4xx_hal_hcd.o
                0x0000000008002862                HAL_HCD_Stop
 .text.HAL_HCD_ResetPort
                0x000000000800289c       0x1c ./Drivers/STM32F4xx_HAL_Driver/Src/stm32f4xx_hal_hcd.o
                0x000000000800289c                HAL_HCD_ResetPort
 .text.HAL_HCD_HC_GetURBState
                0x00000000080028b8       0x2a ./Drivers/STM32F4xx_HAL_Driver/Src/stm32f4xx_hal_hcd.o
                0x00000000080028b8                HAL_HCD_HC_GetURBState
 .text.HAL_HCD_HC_GetXferCount
                0x00000000080028e2       0x2a ./Drivers/STM32F4xx_HAL_Driver/Src/stm32f4xx_hal_hcd.o
                0x00000000080028e2                HAL_HCD_HC_GetXferCount
 .text.HAL_HCD_GetCurrentFrame
                0x000000000800290c       0x1c ./Drivers/STM32F4xx_HAL_Driver/Src/stm32f4xx_hal_hcd.o
                0x000000000800290c                HAL_HCD_GetCurrentFrame
 .text.HAL_HCD_GetCurrentSpeed
                0x0000000008002928       0x1c ./Drivers/STM32F4xx_HAL_Driver/Src/stm32f4xx_hal_hcd.o
                0x0000000008002928                HAL_HCD_GetCurrentSpeed
 .text.HAL_HCD_HC_ClearHubInfo
                0x0000000008002944       0x6a ./Drivers/STM32F4xx_HAL_Driver/Src/stm32f4xx_hal_hcd.o
                0x0000000008002944                HAL_HCD_HC_ClearHubInfo
 .text.HCD_HC_IN_IRQHandler
                0x00000000080029ae      0xcd2 ./Drivers/STM32F4xx_HAL_Driver/Src/stm32f4xx_hal_hcd.o
 .text.HCD_HC_OUT_IRQHandler
                0x0000000008003680      0x94a ./Drivers/STM32F4xx_HAL_Driver/Src/stm32f4xx_hal_hcd.o
 .text.HCD_RXQLVL_IRQHandler
                0x0000000008003fca      0x1be ./Drivers/STM32F4xx_HAL_Driver/Src/stm32f4xx_hal_hcd.o
 .text.HCD_Port_IRQHandler
                0x0000000008004188       0xe6 ./Drivers/STM32F4xx_HAL_Driver/Src/stm32f4xx_hal_hcd.o
 *fill*         0x000000000800426e        0x2 
 .text.HAL_I2C_Init
                0x0000000008004270      0x288 ./Drivers/STM32F4xx_HAL_Driver/Src/stm32f4xx_hal_i2c.o
                0x0000000008004270                HAL_I2C_Init
 .text.HAL_I2CEx_ConfigAnalogFilter
                0x00000000080044f8       0x78 ./Drivers/STM32F4xx_HAL_Driver/Src/stm32f4xx_hal_i2c_ex.o
                0x00000000080044f8                HAL_I2CEx_ConfigAnalogFilter
 .text.HAL_I2CEx_ConfigDigitalFilter
                0x0000000008004570       0x7e ./Drivers/STM32F4xx_HAL_Driver/Src/stm32f4xx_hal_i2c_ex.o
                0x0000000008004570                HAL_I2CEx_ConfigDigitalFilter
 *fill*         0x00000000080045ee        0x2 
 .text.HAL_LTDC_Init
                0x00000000080045f0      0x1a0 ./Drivers/STM32F4xx_HAL_Driver/Src/stm32f4xx_hal_ltdc.o
                0x00000000080045f0                HAL_LTDC_Init
 .text.HAL_LTDC_IRQHandler
                0x0000000008004790      0x148 ./Drivers/STM32F4xx_HAL_Driver/Src/stm32f4xx_hal_ltdc.o
                0x0000000008004790                HAL_LTDC_IRQHandler
 .text.HAL_LTDC_ErrorCallback
                0x00000000080048d8       0x14 ./Drivers/STM32F4xx_HAL_Driver/Src/stm32f4xx_hal_ltdc.o
                0x00000000080048d8                HAL_LTDC_ErrorCallback
 .text.HAL_LTDC_LineEventCallback
                0x00000000080048ec       0x14 ./Drivers/STM32F4xx_HAL_Driver/Src/stm32f4xx_hal_ltdc.o
                0x00000000080048ec                HAL_LTDC_LineEventCallback
 .text.HAL_LTDC_ReloadEventCallback
                0x0000000008004900       0x14 ./Drivers/STM32F4xx_HAL_Driver/Src/stm32f4xx_hal_ltdc.o
                0x0000000008004900                HAL_LTDC_ReloadEventCallback
 .text.HAL_LTDC_ConfigLayer
                0x0000000008004914       0x7c ./Drivers/STM32F4xx_HAL_Driver/Src/stm32f4xx_hal_ltdc.o
                0x0000000008004914                HAL_LTDC_ConfigLayer
 .text.LTDC_SetConfig
                0x0000000008004990      0x32e ./Drivers/STM32F4xx_HAL_Driver/Src/stm32f4xx_hal_ltdc.o
 *fill*         0x0000000008004cbe        0x2 
 .text.HAL_RCC_OscConfig
                0x0000000008004cc0      0x4f0 ./Drivers/STM32F4xx_HAL_Driver/Src/stm32f4xx_hal_rcc.o
                0x0000000008004cc0                HAL_RCC_OscConfig
 .text.HAL_RCC_ClockConfig
                0x00000000080051b0      0x1cc ./Drivers/STM32F4xx_HAL_Driver/Src/stm32f4xx_hal_rcc.o
                0x00000000080051b0                HAL_RCC_ClockConfig
 .text.HAL_RCC_GetSysClockFreq
                0x000000000800537c      0x20c ./Drivers/STM32F4xx_HAL_Driver/Src/stm32f4xx_hal_rcc.o
                0x000000000800537c                HAL_RCC_GetSysClockFreq
 .text.HAL_RCC_GetHCLKFreq
                0x0000000008005588       0x18 ./Drivers/STM32F4xx_HAL_Driver/Src/stm32f4xx_hal_rcc.o
                0x0000000008005588                HAL_RCC_GetHCLKFreq
 .text.HAL_RCC_GetPCLK1Freq
                0x00000000080055a0       0x28 ./Drivers/STM32F4xx_HAL_Driver/Src/stm32f4xx_hal_rcc.o
                0x00000000080055a0                HAL_RCC_GetPCLK1Freq
 .text.HAL_RCC_GetPCLK2Freq
                0x00000000080055c8       0x28 ./Drivers/STM32F4xx_HAL_Driver/Src/stm32f4xx_hal_rcc.o
                0x00000000080055c8                HAL_RCC_GetPCLK2Freq
 .text.HAL_RCC_GetClockConfig
                0x00000000080055f0       0x64 ./Drivers/STM32F4xx_HAL_Driver/Src/stm32f4xx_hal_rcc.o
                0x00000000080055f0                HAL_RCC_GetClockConfig
 .text.HAL_RCCEx_PeriphCLKConfig
                0x0000000008005654      0x380 ./Drivers/STM32F4xx_HAL_Driver/Src/stm32f4xx_hal_rcc_ex.o
                0x0000000008005654                HAL_RCCEx_PeriphCLKConfig
 .text.HAL_SDRAM_Init
                0x00000000080059d4       0x68 ./Drivers/STM32F4xx_HAL_Driver/Src/stm32f4xx_hal_sdram.o
                0x00000000080059d4                HAL_SDRAM_Init
 .text.HAL_SPI_Init
                0x0000000008005a3c      0x112 ./Drivers/STM32F4xx_HAL_Driver/Src/stm32f4xx_hal_spi.o
                0x0000000008005a3c                HAL_SPI_Init
 .text.HAL_TIM_Base_Init
                0x0000000008005b4e       0x9e ./Drivers/STM32F4xx_HAL_Driver/Src/stm32f4xx_hal_tim.o
                0x0000000008005b4e                HAL_TIM_Base_Init
 .text.HAL_TIM_Base_Start_IT
                0x0000000008005bec       0xe0 ./Drivers/STM32F4xx_HAL_Driver/Src/stm32f4xx_hal_tim.o
                0x0000000008005bec                HAL_TIM_Base_Start_IT
 .text.HAL_TIM_IRQHandler
                0x0000000008005ccc      0x1e0 ./Drivers/STM32F4xx_HAL_Driver/Src/stm32f4xx_hal_tim.o
                0x0000000008005ccc                HAL_TIM_IRQHandler
 .text.HAL_TIM_ConfigClockSource
                0x0000000008005eac      0x18e ./Drivers/STM32F4xx_HAL_Driver/Src/stm32f4xx_hal_tim.o
                0x0000000008005eac                HAL_TIM_ConfigClockSource
 .text.HAL_TIM_OC_DelayElapsedCallback
                0x000000000800603a       0x14 ./Drivers/STM32F4xx_HAL_Driver/Src/stm32f4xx_hal_tim.o
                0x000000000800603a                HAL_TIM_OC_DelayElapsedCallback
 .text.HAL_TIM_IC_CaptureCallback
                0x000000000800604e       0x14 ./Drivers/STM32F4xx_HAL_Driver/Src/stm32f4xx_hal_tim.o
                0x000000000800604e                HAL_TIM_IC_CaptureCallback
 .text.HAL_TIM_PWM_PulseFinishedCallback
                0x0000000008006062       0x14 ./Drivers/STM32F4xx_HAL_Driver/Src/stm32f4xx_hal_tim.o
                0x0000000008006062                HAL_TIM_PWM_PulseFinishedCallback
 .text.HAL_TIM_TriggerCallback
                0x0000000008006076       0x14 ./Drivers/STM32F4xx_HAL_Driver/Src/stm32f4xx_hal_tim.o
                0x0000000008006076                HAL_TIM_TriggerCallback
 *fill*         0x000000000800608a        0x2 
 .text.TIM_Base_SetConfig
                0x000000000800608c      0x158 ./Drivers/STM32F4xx_HAL_Driver/Src/stm32f4xx_hal_tim.o
                0x000000000800608c                TIM_Base_SetConfig
 .text.TIM_TI1_ConfigInputStage
                0x00000000080061e4       0x5e ./Drivers/STM32F4xx_HAL_Driver/Src/stm32f4xx_hal_tim.o
 .text.TIM_TI2_ConfigInputStage
                0x0000000008006242       0x60 ./Drivers/STM32F4xx_HAL_Driver/Src/stm32f4xx_hal_tim.o
 .text.TIM_ITRx_SetConfig
                0x00000000080062a2       0x36 ./Drivers/STM32F4xx_HAL_Driver/Src/stm32f4xx_hal_tim.o
 .text.TIM_ETR_SetConfig
                0x00000000080062d8       0x40 ./Drivers/STM32F4xx_HAL_Driver/Src/stm32f4xx_hal_tim.o
                0x00000000080062d8                TIM_ETR_SetConfig
 .text.HAL_TIMEx_MasterConfigSynchronization
                0x0000000008006318       0xf8 ./Drivers/STM32F4xx_HAL_Driver/Src/stm32f4xx_hal_tim_ex.o
                0x0000000008006318                HAL_TIMEx_MasterConfigSynchronization
 .text.HAL_TIMEx_CommutCallback
                0x0000000008006410       0x14 ./Drivers/STM32F4xx_HAL_Driver/Src/stm32f4xx_hal_tim_ex.o
                0x0000000008006410                HAL_TIMEx_CommutCallback
 .text.HAL_TIMEx_BreakCallback
                0x0000000008006424       0x14 ./Drivers/STM32F4xx_HAL_Driver/Src/stm32f4xx_hal_tim_ex.o
                0x0000000008006424                HAL_TIMEx_BreakCallback
 .text.HAL_UART_Init
                0x0000000008006438       0xa0 ./Drivers/STM32F4xx_HAL_Driver/Src/stm32f4xx_hal_uart.o
                0x0000000008006438                HAL_UART_Init
 .text.UART_SetConfig
                0x00000000080064d8      0x4e8 ./Drivers/STM32F4xx_HAL_Driver/Src/stm32f4xx_hal_uart.o
 .text.FMC_SDRAM_Init
                0x00000000080069c0       0xba ./Drivers/STM32F4xx_HAL_Driver/Src/stm32f4xx_ll_fmc.o
                0x00000000080069c0                FMC_SDRAM_Init
 .text.FMC_SDRAM_Timing_Init
                0x0000000008006a7a       0xd2 ./Drivers/STM32F4xx_HAL_Driver/Src/stm32f4xx_ll_fmc.o
                0x0000000008006a7a                FMC_SDRAM_Timing_Init
 .text.USB_CoreInit
                0x0000000008006b4c       0xc8 ./Drivers/STM32F4xx_HAL_Driver/Src/stm32f4xx_ll_usb.o
                0x0000000008006b4c                USB_CoreInit
 .text.USB_EnableGlobalInt
                0x0000000008006c14       0x22 ./Drivers/STM32F4xx_HAL_Driver/Src/stm32f4xx_ll_usb.o
                0x0000000008006c14                USB_EnableGlobalInt
 .text.USB_DisableGlobalInt
                0x0000000008006c36       0x22 ./Drivers/STM32F4xx_HAL_Driver/Src/stm32f4xx_ll_usb.o
                0x0000000008006c36                USB_DisableGlobalInt
 .text.USB_SetCurrentMode
                0x0000000008006c58       0x98 ./Drivers/STM32F4xx_HAL_Driver/Src/stm32f4xx_ll_usb.o
                0x0000000008006c58                USB_SetCurrentMode
 .text.USB_FlushTxFifo
                0x0000000008006cf0       0x64 ./Drivers/STM32F4xx_HAL_Driver/Src/stm32f4xx_ll_usb.o
                0x0000000008006cf0                USB_FlushTxFifo
 .text.USB_FlushRxFifo
                0x0000000008006d54       0x5c ./Drivers/STM32F4xx_HAL_Driver/Src/stm32f4xx_ll_usb.o
                0x0000000008006d54                USB_FlushRxFifo
 .text.USB_WritePacket
                0x0000000008006db0       0x7c ./Drivers/STM32F4xx_HAL_Driver/Src/stm32f4xx_ll_usb.o
                0x0000000008006db0                USB_WritePacket
 .text.USB_ReadPacket
                0x0000000008006e2c       0xb0 ./Drivers/STM32F4xx_HAL_Driver/Src/stm32f4xx_ll_usb.o
                0x0000000008006e2c                USB_ReadPacket
 .text.USB_ReadInterrupts
                0x0000000008006edc       0x26 ./Drivers/STM32F4xx_HAL_Driver/Src/stm32f4xx_ll_usb.o
                0x0000000008006edc                USB_ReadInterrupts
 .text.USB_ReadChInterrupts
                0x0000000008006f02       0x42 ./Drivers/STM32F4xx_HAL_Driver/Src/stm32f4xx_ll_usb.o
                0x0000000008006f02                USB_ReadChInterrupts
 .text.USB_GetMode
                0x0000000008006f44       0x1c ./Drivers/STM32F4xx_HAL_Driver/Src/stm32f4xx_ll_usb.o
                0x0000000008006f44                USB_GetMode
 .text.USB_CoreReset
                0x0000000008006f60       0x62 ./Drivers/STM32F4xx_HAL_Driver/Src/stm32f4xx_ll_usb.o
 *fill*         0x0000000008006fc2        0x2 
 .text.USB_HostInit
                0x0000000008006fc4      0x188 ./Drivers/STM32F4xx_HAL_Driver/Src/stm32f4xx_ll_usb.o
                0x0000000008006fc4                USB_HostInit
 .text.USB_InitFSLSPClkSel
                0x000000000800714c       0x7a ./Drivers/STM32F4xx_HAL_Driver/Src/stm32f4xx_ll_usb.o
                0x000000000800714c                USB_InitFSLSPClkSel
 .text.USB_ResetPort
                0x00000000080071c6       0x54 ./Drivers/STM32F4xx_HAL_Driver/Src/stm32f4xx_ll_usb.o
                0x00000000080071c6                USB_ResetPort
 .text.USB_DriveVbus
                0x000000000800721a       0x72 ./Drivers/STM32F4xx_HAL_Driver/Src/stm32f4xx_ll_usb.o
                0x000000000800721a                USB_DriveVbus
 .text.USB_GetHostSpeed
                0x000000000800728c       0x2e ./Drivers/STM32F4xx_HAL_Driver/Src/stm32f4xx_ll_usb.o
                0x000000000800728c                USB_GetHostSpeed
 .text.USB_GetCurrentFrame
                0x00000000080072ba       0x22 ./Drivers/STM32F4xx_HAL_Driver/Src/stm32f4xx_ll_usb.o
                0x00000000080072ba                USB_GetCurrentFrame
 .text.USB_HC_Init
                0x00000000080072dc      0x258 ./Drivers/STM32F4xx_HAL_Driver/Src/stm32f4xx_ll_usb.o
                0x00000000080072dc                USB_HC_Init
 .text.USB_HC_StartXfer
                0x0000000008007534      0x4f4 ./Drivers/STM32F4xx_HAL_Driver/Src/stm32f4xx_ll_usb.o
                0x0000000008007534                USB_HC_StartXfer
 .text.USB_HC_ReadInterrupt
                0x0000000008007a28       0x22 ./Drivers/STM32F4xx_HAL_Driver/Src/stm32f4xx_ll_usb.o
                0x0000000008007a28                USB_HC_ReadInterrupt
 .text.USB_HC_Halt
                0x0000000008007a4a      0x240 ./Drivers/STM32F4xx_HAL_Driver/Src/stm32f4xx_ll_usb.o
                0x0000000008007a4a                USB_HC_Halt
 *fill*         0x0000000008007c8a        0x2 
 .text.USB_DoPing
                0x0000000008007c8c       0x78 ./Drivers/STM32F4xx_HAL_Driver/Src/stm32f4xx_ll_usb.o
                0x0000000008007c8c                USB_DoPing
 .text.USB_StopHost
                0x0000000008007d04      0x124 ./Drivers/STM32F4xx_HAL_Driver/Src/stm32f4xx_ll_usb.o
                0x0000000008007d04                USB_StopHost
 .text.USBH_CDC_InterfaceInit
                0x0000000008007e28      0x2ac ./Middlewares/ST/STM32_USB_Host_Library/Class/CDC/Src/usbh_cdc.o
 .text.USBH_CDC_InterfaceDeInit
                0x00000000080080d4       0xb2 ./Middlewares/ST/STM32_USB_Host_Library/Class/CDC/Src/usbh_cdc.o
 .text.USBH_CDC_ClassRequest
                0x0000000008008186       0x3e ./Middlewares/ST/STM32_USB_Host_Library/Class/CDC/Src/usbh_cdc.o
 .text.USBH_CDC_Process
                0x00000000080081c4      0x12c ./Middlewares/ST/STM32_USB_Host_Library/Class/CDC/Src/usbh_cdc.o
 .text.USBH_CDC_SOFProcess
                0x00000000080082f0       0x16 ./Middlewares/ST/STM32_USB_Host_Library/Class/CDC/Src/usbh_cdc.o
 .text.GetLineCoding
                0x0000000008008306       0x3e ./Middlewares/ST/STM32_USB_Host_Library/Class/CDC/Src/usbh_cdc.o
 .text.SetLineCoding
                0x0000000008008344       0x3e ./Middlewares/ST/STM32_USB_Host_Library/Class/CDC/Src/usbh_cdc.o
 .text.CDC_ProcessTransmission
                0x0000000008008382      0x124 ./Middlewares/ST/STM32_USB_Host_Library/Class/CDC/Src/usbh_cdc.o
 .text.CDC_ProcessReception
                0x00000000080084a6       0xd2 ./Middlewares/ST/STM32_USB_Host_Library/Class/CDC/Src/usbh_cdc.o
 .text.USBH_CDC_TransmitCallback
                0x0000000008008578       0x14 ./Middlewares/ST/STM32_USB_Host_Library/Class/CDC/Src/usbh_cdc.o
                0x0000000008008578                USBH_CDC_TransmitCallback
 .text.USBH_CDC_ReceiveCallback
                0x000000000800858c       0x14 ./Middlewares/ST/STM32_USB_Host_Library/Class/CDC/Src/usbh_cdc.o
                0x000000000800858c                USBH_CDC_ReceiveCallback
 .text.USBH_CDC_LineCodingChanged
                0x00000000080085a0       0x14 ./Middlewares/ST/STM32_USB_Host_Library/Class/CDC/Src/usbh_cdc.o
                0x00000000080085a0                USBH_CDC_LineCodingChanged
 .text.USBH_Init
                0x00000000080085b4       0xc4 ./Middlewares/ST/STM32_USB_Host_Library/Core/Src/usbh_core.o
                0x00000000080085b4                USBH_Init
 .text.DeInitStateMachine
                0x0000000008008678       0xe6 ./Middlewares/ST/STM32_USB_Host_Library/Core/Src/usbh_core.o
 .text.USBH_RegisterClass
                0x000000000800875e       0x54 ./Middlewares/ST/STM32_USB_Host_Library/Core/Src/usbh_core.o
                0x000000000800875e                USBH_RegisterClass
 .text.USBH_SelectInterface
                0x00000000080087b2       0x38 ./Middlewares/ST/STM32_USB_Host_Library/Core/Src/usbh_core.o
                0x00000000080087b2                USBH_SelectInterface
 .text.USBH_FindInterface
                0x00000000080087ea       0x8c ./Middlewares/ST/STM32_USB_Host_Library/Core/Src/usbh_core.o
                0x00000000080087ea                USBH_FindInterface
 .text.USBH_Start
                0x0000000008008876       0x20 ./Middlewares/ST/STM32_USB_Host_Library/Core/Src/usbh_core.o
                0x0000000008008876                USBH_Start
 *fill*         0x0000000008008896        0x2 
 .text.USBH_Process
                0x0000000008008898      0x4d8 ./Middlewares/ST/STM32_USB_Host_Library/Core/Src/usbh_core.o
                0x0000000008008898                USBH_Process
 .text.USBH_HandleEnum
                0x0000000008008d70      0x458 ./Middlewares/ST/STM32_USB_Host_Library/Core/Src/usbh_core.o
 .text.USBH_LL_SetTimer
                0x00000000080091c8       0x1e ./Middlewares/ST/STM32_USB_Host_Library/Core/Src/usbh_core.o
                0x00000000080091c8                USBH_LL_SetTimer
 .text.USBH_LL_IncTimer
                0x00000000080091e6       0x24 ./Middlewares/ST/STM32_USB_Host_Library/Core/Src/usbh_core.o
                0x00000000080091e6                USBH_LL_IncTimer
 .text.USBH_HandleSof
                0x000000000800920a       0x30 ./Middlewares/ST/STM32_USB_Host_Library/Core/Src/usbh_core.o
 .text.USBH_LL_PortEnabled
                0x000000000800923a       0x34 ./Middlewares/ST/STM32_USB_Host_Library/Core/Src/usbh_core.o
                0x000000000800923a                USBH_LL_PortEnabled
 .text.USBH_LL_PortDisabled
                0x000000000800926e       0x1c ./Middlewares/ST/STM32_USB_Host_Library/Core/Src/usbh_core.o
                0x000000000800926e                USBH_LL_PortDisabled
 .text.USBH_LL_Connect
                0x000000000800928a       0x46 ./Middlewares/ST/STM32_USB_Host_Library/Core/Src/usbh_core.o
                0x000000000800928a                USBH_LL_Connect
 .text.USBH_LL_Disconnect
                0x00000000080092d0       0x64 ./Middlewares/ST/STM32_USB_Host_Library/Core/Src/usbh_core.o
                0x00000000080092d0                USBH_LL_Disconnect
 .text.USBH_Process_OS
                0x0000000008009334       0x2a ./Middlewares/ST/STM32_USB_Host_Library/Core/Src/usbh_core.o
 .text.USBH_LL_NotifyURBChange
                0x000000000800935e       0x2e ./Middlewares/ST/STM32_USB_Host_Library/Core/Src/usbh_core.o
                0x000000000800935e                USBH_LL_NotifyURBChange
 .text.USBH_Get_DevDesc
                0x000000000800938c       0x58 ./Middlewares/ST/STM32_USB_Host_Library/Core/Src/usbh_ctlreq.o
                0x000000000800938c                USBH_Get_DevDesc
 .text.USBH_Get_CfgDesc
                0x00000000080093e4       0x54 ./Middlewares/ST/STM32_USB_Host_Library/Core/Src/usbh_ctlreq.o
                0x00000000080093e4                USBH_Get_CfgDesc
 .text.USBH_Get_StringDesc
                0x0000000008009438       0x68 ./Middlewares/ST/STM32_USB_Host_Library/Core/Src/usbh_ctlreq.o
                0x0000000008009438                USBH_Get_StringDesc
 .text.USBH_GetDescriptor
                0x00000000080094a0       0x6a ./Middlewares/ST/STM32_USB_Host_Library/Core/Src/usbh_ctlreq.o
                0x00000000080094a0                USBH_GetDescriptor
 .text.USBH_SetAddress
                0x000000000800950a       0x48 ./Middlewares/ST/STM32_USB_Host_Library/Core/Src/usbh_ctlreq.o
                0x000000000800950a                USBH_SetAddress
 .text.USBH_SetCfg
                0x0000000008009552       0x46 ./Middlewares/ST/STM32_USB_Host_Library/Core/Src/usbh_ctlreq.o
                0x0000000008009552                USBH_SetCfg
 .text.USBH_SetFeature
                0x0000000008009598       0x48 ./Middlewares/ST/STM32_USB_Host_Library/Core/Src/usbh_ctlreq.o
                0x0000000008009598                USBH_SetFeature
 .text.USBH_ClrFeature
                0x00000000080095e0       0x48 ./Middlewares/ST/STM32_USB_Host_Library/Core/Src/usbh_ctlreq.o
                0x00000000080095e0                USBH_ClrFeature
 .text.USBH_ParseDevDesc
                0x0000000008009628      0x168 ./Middlewares/ST/STM32_USB_Host_Library/Core/Src/usbh_ctlreq.o
 .text.USBH_ParseCfgDesc
                0x0000000008009790      0x1f2 ./Middlewares/ST/STM32_USB_Host_Library/Core/Src/usbh_ctlreq.o
 .text.USBH_ParseInterfaceDesc
                0x0000000008009982       0x68 ./Middlewares/ST/STM32_USB_Host_Library/Core/Src/usbh_ctlreq.o
 .text.USBH_ParseEPDesc
                0x00000000080099ea      0x1d2 ./Middlewares/ST/STM32_USB_Host_Library/Core/Src/usbh_ctlreq.o
 .text.USBH_ParseStringDesc
                0x0000000008009bbc       0x66 ./Middlewares/ST/STM32_USB_Host_Library/Core/Src/usbh_ctlreq.o
 .text.USBH_GetNextDesc
                0x0000000008009c22       0x36 ./Middlewares/ST/STM32_USB_Host_Library/Core/Src/usbh_ctlreq.o
                0x0000000008009c22                USBH_GetNextDesc
 .text.USBH_CtlReq
                0x0000000008009c58       0xb2 ./Middlewares/ST/STM32_USB_Host_Library/Core/Src/usbh_ctlreq.o
                0x0000000008009c58                USBH_CtlReq
 *fill*         0x0000000008009d0a        0x2 
 .text.USBH_HandleControl
                0x0000000008009d0c      0x490 ./Middlewares/ST/STM32_USB_Host_Library/Core/Src/usbh_ctlreq.o
 .text.USBH_CtlSendSetup
                0x000000000800a19c       0x34 ./Middlewares/ST/STM32_USB_Host_Library/Core/Src/usbh_ioreq.o
                0x000000000800a19c                USBH_CtlSendSetup
 .text.USBH_CtlSendData
                0x000000000800a1d0       0x4a ./Middlewares/ST/STM32_USB_Host_Library/Core/Src/usbh_ioreq.o
                0x000000000800a1d0                USBH_CtlSendData
 .text.USBH_CtlReceiveData
                0x000000000800a21a       0x3c ./Middlewares/ST/STM32_USB_Host_Library/Core/Src/usbh_ioreq.o
                0x000000000800a21a                USBH_CtlReceiveData
 .text.USBH_BulkSendData
                0x000000000800a256       0x4a ./Middlewares/ST/STM32_USB_Host_Library/Core/Src/usbh_ioreq.o
                0x000000000800a256                USBH_BulkSendData
 .text.USBH_BulkReceiveData
                0x000000000800a2a0       0x3c ./Middlewares/ST/STM32_USB_Host_Library/Core/Src/usbh_ioreq.o
                0x000000000800a2a0                USBH_BulkReceiveData
 .text.USBH_OpenPipe
                0x000000000800a2dc       0x3e ./Middlewares/ST/STM32_USB_Host_Library/Core/Src/usbh_pipes.o
                0x000000000800a2dc                USBH_OpenPipe
 .text.USBH_ClosePipe
                0x000000000800a31a       0x20 ./Middlewares/ST/STM32_USB_Host_Library/Core/Src/usbh_pipes.o
                0x000000000800a31a                USBH_ClosePipe
 .text.USBH_AllocPipe
                0x000000000800a33a       0x42 ./Middlewares/ST/STM32_USB_Host_Library/Core/Src/usbh_pipes.o
                0x000000000800a33a                USBH_AllocPipe
 .text.USBH_FreePipe
                0x000000000800a37c       0x3c ./Middlewares/ST/STM32_USB_Host_Library/Core/Src/usbh_pipes.o
                0x000000000800a37c                USBH_FreePipe
 .text.USBH_GetFreePipe
                0x000000000800a3b8       0x48 ./Middlewares/ST/STM32_USB_Host_Library/Core/Src/usbh_pipes.o
 .text.makeFreeRtosPriority
                0x000000000800a400       0x30 ./Middlewares/Third_Party/FreeRTOS/Source/CMSIS_RTOS/cmsis_os.o
 .text.inHandlerMode
                0x000000000800a430       0x24 ./Middlewares/Third_Party/FreeRTOS/Source/CMSIS_RTOS/cmsis_os.o
 .text.osKernelStart
                0x000000000800a454        0xe ./Middlewares/Third_Party/FreeRTOS/Source/CMSIS_RTOS/cmsis_os.o
                0x000000000800a454                osKernelStart
 .text.osThreadCreate
                0x000000000800a462       0x98 ./Middlewares/Third_Party/FreeRTOS/Source/CMSIS_RTOS/cmsis_os.o
                0x000000000800a462                osThreadCreate
 .text.osDelay  0x000000000800a4fa       0x28 ./Middlewares/Third_Party/FreeRTOS/Source/CMSIS_RTOS/cmsis_os.o
                0x000000000800a4fa                osDelay
 .text.osMessageCreate
                0x000000000800a522       0x50 ./Middlewares/Third_Party/FreeRTOS/Source/CMSIS_RTOS/cmsis_os.o
                0x000000000800a522                osMessageCreate
 *fill*         0x000000000800a572        0x2 
 .text.osMessagePut
                0x000000000800a574       0x80 ./Middlewares/Third_Party/FreeRTOS/Source/CMSIS_RTOS/cmsis_os.o
                0x000000000800a574                osMessagePut
 .text.osMessageGet
                0x000000000800a5f4       0xe8 ./Middlewares/Third_Party/FreeRTOS/Source/CMSIS_RTOS/cmsis_os.o
                0x000000000800a5f4                osMessageGet
 .text.vListInitialise
                0x000000000800a6dc       0x40 ./Middlewares/Third_Party/FreeRTOS/Source/list.o
                0x000000000800a6dc                vListInitialise
 .text.vListInitialiseItem
                0x000000000800a71c       0x1a ./Middlewares/Third_Party/FreeRTOS/Source/list.o
                0x000000000800a71c                vListInitialiseItem
 .text.vListInsertEnd
                0x000000000800a736       0x48 ./Middlewares/Third_Party/FreeRTOS/Source/list.o
                0x000000000800a736                vListInsertEnd
 .text.vListInsert
                0x000000000800a77e       0x72 ./Middlewares/Third_Party/FreeRTOS/Source/list.o
                0x000000000800a77e                vListInsert
 .text.uxListRemove
                0x000000000800a7f0       0x54 ./Middlewares/Third_Party/FreeRTOS/Source/list.o
                0x000000000800a7f0                uxListRemove
 .text.xQueueGenericReset
                0x000000000800a844       0xd0 ./Middlewares/Third_Party/FreeRTOS/Source/queue.o
                0x000000000800a844                xQueueGenericReset
 .text.xQueueGenericCreateStatic
                0x000000000800a914       0xf0 ./Middlewares/Third_Party/FreeRTOS/Source/queue.o
                0x000000000800a914                xQueueGenericCreateStatic
 .text.xQueueGenericCreate
                0x000000000800aa04       0x74 ./Middlewares/Third_Party/FreeRTOS/Source/queue.o
                0x000000000800aa04                xQueueGenericCreate
 .text.prvInitialiseNewQueue
                0x000000000800aa78       0x3e ./Middlewares/Third_Party/FreeRTOS/Source/queue.o
 *fill*         0x000000000800aab6        0x2 
 .text.xQueueGenericSend
                0x000000000800aab8      0x1fc ./Middlewares/Third_Party/FreeRTOS/Source/queue.o
                0x000000000800aab8                xQueueGenericSend
 .text.xQueueGenericSendFromISR
                0x000000000800acb4      0x136 ./Middlewares/Third_Party/FreeRTOS/Source/queue.o
                0x000000000800acb4                xQueueGenericSendFromISR
 *fill*         0x000000000800adea        0x2 
 .text.xQueueReceive
                0x000000000800adec      0x1c0 ./Middlewares/Third_Party/FreeRTOS/Source/queue.o
                0x000000000800adec                xQueueReceive
 .text.xQueueReceiveFromISR
                0x000000000800afac      0x100 ./Middlewares/Third_Party/FreeRTOS/Source/queue.o
                0x000000000800afac                xQueueReceiveFromISR
 .text.prvCopyDataToQueue
                0x000000000800b0ac       0xd4 ./Middlewares/Third_Party/FreeRTOS/Source/queue.o
 .text.prvCopyDataFromQueue
                0x000000000800b180       0x4c ./Middlewares/Third_Party/FreeRTOS/Source/queue.o
 .text.prvUnlockQueue
                0x000000000800b1cc       0xa4 ./Middlewares/Third_Party/FreeRTOS/Source/queue.o
 .text.prvIsQueueEmpty
                0x000000000800b270       0x2c ./Middlewares/Third_Party/FreeRTOS/Source/queue.o
 .text.prvIsQueueFull
                0x000000000800b29c       0x30 ./Middlewares/Third_Party/FreeRTOS/Source/queue.o
 .text.xTaskCreateStatic
                0x000000000800b2cc       0xba ./Middlewares/Third_Party/FreeRTOS/Source/tasks.o
                0x000000000800b2cc                xTaskCreateStatic
 .text.xTaskCreate
                0x000000000800b386       0x8a ./Middlewares/Third_Party/FreeRTOS/Source/tasks.o
                0x000000000800b386                xTaskCreate
 .text.prvInitialiseNewTask
                0x000000000800b410      0x124 ./Middlewares/Third_Party/FreeRTOS/Source/tasks.o
 .text.prvAddNewTaskToReadyList
                0x000000000800b534       0xd4 ./Middlewares/Third_Party/FreeRTOS/Source/tasks.o
 .text.vTaskDelay
                0x000000000800b608       0x68 ./Middlewares/Third_Party/FreeRTOS/Source/tasks.o
                0x000000000800b608                vTaskDelay
 .text.vTaskStartScheduler
                0x000000000800b670       0xc0 ./Middlewares/Third_Party/FreeRTOS/Source/tasks.o
                0x000000000800b670                vTaskStartScheduler
 .text.vTaskSuspendAll
                0x000000000800b730       0x1c ./Middlewares/Third_Party/FreeRTOS/Source/tasks.o
                0x000000000800b730                vTaskSuspendAll
 .text.xTaskResumeAll
                0x000000000800b74c      0x138 ./Middlewares/Third_Party/FreeRTOS/Source/tasks.o
                0x000000000800b74c                xTaskResumeAll
 .text.xTaskIncrementTick
                0x000000000800b884      0x170 ./Middlewares/Third_Party/FreeRTOS/Source/tasks.o
                0x000000000800b884                xTaskIncrementTick
 .text.vTaskSwitchContext
                0x000000000800b9f4      0x100 ./Middlewares/Third_Party/FreeRTOS/Source/tasks.o
                0x000000000800b9f4                vTaskSwitchContext
 .text.vTaskPlaceOnEventList
                0x000000000800baf4       0x48 ./Middlewares/Third_Party/FreeRTOS/Source/tasks.o
                0x000000000800baf4                vTaskPlaceOnEventList
 .text.xTaskRemoveFromEventList
                0x000000000800bb3c       0xc4 ./Middlewares/Third_Party/FreeRTOS/Source/tasks.o
                0x000000000800bb3c                xTaskRemoveFromEventList
 .text.vTaskInternalSetTimeOutState
                0x000000000800bc00       0x2c ./Middlewares/Third_Party/FreeRTOS/Source/tasks.o
                0x000000000800bc00                vTaskInternalSetTimeOutState
 .text.xTaskCheckForTimeOut
                0x000000000800bc2c       0xc4 ./Middlewares/Third_Party/FreeRTOS/Source/tasks.o
                0x000000000800bc2c                xTaskCheckForTimeOut
 .text.vTaskMissedYield
                0x000000000800bcf0       0x18 ./Middlewares/Third_Party/FreeRTOS/Source/tasks.o
                0x000000000800bcf0                vTaskMissedYield
 .text.prvIdleTask
                0x000000000800bd08       0x34 ./Middlewares/Third_Party/FreeRTOS/Source/tasks.o
 .text.prvInitialiseTaskLists
                0x000000000800bd3c       0x80 ./Middlewares/Third_Party/FreeRTOS/Source/tasks.o
 .text.prvCheckTasksWaitingTermination
                0x000000000800bdbc       0x5c ./Middlewares/Third_Party/FreeRTOS/Source/tasks.o
 .text.prvDeleteTCB
                0x000000000800be18       0x5e ./Middlewares/Third_Party/FreeRTOS/Source/tasks.o
 *fill*         0x000000000800be76        0x2 
 .text.prvResetNextTaskUnblockTime
                0x000000000800be78       0x40 ./Middlewares/Third_Party/FreeRTOS/Source/tasks.o
 .text.xTaskGetSchedulerState
                0x000000000800beb8       0x3c ./Middlewares/Third_Party/FreeRTOS/Source/tasks.o
                0x000000000800beb8                xTaskGetSchedulerState
 .text.xTaskPriorityDisinherit
                0x000000000800bef4      0x10c ./Middlewares/Third_Party/FreeRTOS/Source/tasks.o
                0x000000000800bef4                xTaskPriorityDisinherit
 .text.prvAddCurrentTaskToDelayedList
                0x000000000800c000       0xcc ./Middlewares/Third_Party/FreeRTOS/Source/tasks.o
 .text.pxPortInitialiseStack
                0x000000000800c0cc       0x68 ./Middlewares/Third_Party/FreeRTOS/Source/portable/GCC/ARM_CM4F/port.o
                0x000000000800c0cc                pxPortInitialiseStack
 .text.prvTaskExitError
                0x000000000800c134       0x58 ./Middlewares/Third_Party/FreeRTOS/Source/portable/GCC/ARM_CM4F/port.o
 *fill*         0x000000000800c18c        0x4 
 .text.SVC_Handler
                0x000000000800c190       0x28 ./Middlewares/Third_Party/FreeRTOS/Source/portable/GCC/ARM_CM4F/port.o
                0x000000000800c190                SVC_Handler
 .text.prvPortStartFirstTask
                0x000000000800c1b8       0x28 ./Middlewares/Third_Party/FreeRTOS/Source/portable/GCC/ARM_CM4F/port.o
 .text.xPortStartScheduler
                0x000000000800c1e0      0x144 ./Middlewares/Third_Party/FreeRTOS/Source/portable/GCC/ARM_CM4F/port.o
                0x000000000800c1e0                xPortStartScheduler
 .text.vPortEnterCritical
                0x000000000800c324       0x60 ./Middlewares/Third_Party/FreeRTOS/Source/portable/GCC/ARM_CM4F/port.o
                0x000000000800c324                vPortEnterCritical
 .text.vPortExitCritical
                0x000000000800c384       0x54 ./Middlewares/Third_Party/FreeRTOS/Source/portable/GCC/ARM_CM4F/port.o
                0x000000000800c384                vPortExitCritical
 *fill*         0x000000000800c3d8        0x8 
 .text.PendSV_Handler
                0x000000000800c3e0       0x68 ./Middlewares/Third_Party/FreeRTOS/Source/portable/GCC/ARM_CM4F/port.o
                0x000000000800c3e0                PendSV_Handler
 .text.SysTick_Handler
                0x000000000800c448       0x44 ./Middlewares/Third_Party/FreeRTOS/Source/portable/GCC/ARM_CM4F/port.o
                0x000000000800c448                SysTick_Handler
 .text.vPortSetupTimerInterrupt
                0x000000000800c48c       0x48 ./Middlewares/Third_Party/FreeRTOS/Source/portable/GCC/ARM_CM4F/port.o
                0x000000000800c48c                vPortSetupTimerInterrupt
 .text.vPortEnableVFP
                0x000000000800c4d4       0x14 ./Middlewares/Third_Party/FreeRTOS/Source/portable/GCC/ARM_CM4F/port.o
 .text.vPortValidateInterruptPriority
                0x000000000800c4e8       0x80 ./Middlewares/Third_Party/FreeRTOS/Source/portable/GCC/ARM_CM4F/port.o
                0x000000000800c4e8                vPortValidateInterruptPriority
 .text.pvPortMalloc
                0x000000000800c568      0x1a0 ./Middlewares/Third_Party/FreeRTOS/Source/portable/MemMang/heap_4.o
                0x000000000800c568                pvPortMalloc
 .text.vPortFree
                0x000000000800c708       0xc4 ./Middlewares/Third_Party/FreeRTOS/Source/portable/MemMang/heap_4.o
                0x000000000800c708                vPortFree
 .text.prvHeapInit
                0x000000000800c7cc       0xc4 ./Middlewares/Third_Party/FreeRTOS/Source/portable/MemMang/heap_4.o
 .text.prvInsertBlockIntoFreeList
                0x000000000800c890       0xb4 ./Middlewares/Third_Party/FreeRTOS/Source/portable/MemMang/heap_4.o
 .text.MX_USB_HOST_Init
                0x000000000800c944       0x4c ./USB_HOST/App/usb_host.o
                0x000000000800c944                MX_USB_HOST_Init
 .text.USBH_UserProcess
                0x000000000800c990       0x5c ./USB_HOST/App/usb_host.o
 .text.HAL_HCD_MspInit
                0x000000000800c9ec       0xbc ./USB_HOST/Target/usbh_conf.o
                0x000000000800c9ec                HAL_HCD_MspInit
 .text.HAL_HCD_SOF_Callback
                0x000000000800caa8       0x1c ./USB_HOST/Target/usbh_conf.o
                0x000000000800caa8                HAL_HCD_SOF_Callback
 .text.HAL_HCD_Connect_Callback
                0x000000000800cac4       0x1c ./USB_HOST/Target/usbh_conf.o
                0x000000000800cac4                HAL_HCD_Connect_Callback
 .text.HAL_HCD_Disconnect_Callback
                0x000000000800cae0       0x1c ./USB_HOST/Target/usbh_conf.o
                0x000000000800cae0                HAL_HCD_Disconnect_Callback
 .text.HAL_HCD_HC_NotifyURBChange_Callback
                0x000000000800cafc       0x24 ./USB_HOST/Target/usbh_conf.o
                0x000000000800cafc                HAL_HCD_HC_NotifyURBChange_Callback
 .text.HAL_HCD_PortEnabled_Callback
                0x000000000800cb20       0x1c ./USB_HOST/Target/usbh_conf.o
                0x000000000800cb20                HAL_HCD_PortEnabled_Callback
 .text.HAL_HCD_PortDisabled_Callback
                0x000000000800cb3c       0x1c ./USB_HOST/Target/usbh_conf.o
                0x000000000800cb3c                HAL_HCD_PortDisabled_Callback
 .text.USBH_LL_Init
                0x000000000800cb58       0x8c ./USB_HOST/Target/usbh_conf.o
                0x000000000800cb58                USBH_LL_Init
 .text.USBH_LL_Start
                0x000000000800cbe4       0x36 ./USB_HOST/Target/usbh_conf.o
                0x000000000800cbe4                USBH_LL_Start
 .text.USBH_LL_Stop
                0x000000000800cc1a       0x36 ./USB_HOST/Target/usbh_conf.o
                0x000000000800cc1a                USBH_LL_Stop
 .text.USBH_LL_GetSpeed
                0x000000000800cc50       0x4e ./USB_HOST/Target/usbh_conf.o
                0x000000000800cc50                USBH_LL_GetSpeed
 .text.USBH_LL_ResetPort
                0x000000000800cc9e       0x36 ./USB_HOST/Target/usbh_conf.o
                0x000000000800cc9e                USBH_LL_ResetPort
 .text.USBH_LL_GetLastXferSize
                0x000000000800ccd4       0x26 ./USB_HOST/Target/usbh_conf.o
                0x000000000800ccd4                USBH_LL_GetLastXferSize
 .text.USBH_LL_OpenPipe
                0x000000000800ccfa       0x5e ./USB_HOST/Target/usbh_conf.o
                0x000000000800ccfa                USBH_LL_OpenPipe
 .text.USBH_LL_ClosePipe
                0x000000000800cd58       0x3e ./USB_HOST/Target/usbh_conf.o
                0x000000000800cd58                USBH_LL_ClosePipe
 .text.USBH_LL_SubmitURB
                0x000000000800cd96       0x62 ./USB_HOST/Target/usbh_conf.o
                0x000000000800cd96                USBH_LL_SubmitURB
 .text.USBH_LL_GetURBState
                0x000000000800cdf8       0x26 ./USB_HOST/Target/usbh_conf.o
                0x000000000800cdf8                USBH_LL_GetURBState
 .text.USBH_LL_DriverVBUS
                0x000000000800ce1e       0x2e ./USB_HOST/Target/usbh_conf.o
                0x000000000800ce1e                USBH_LL_DriverVBUS
 .text.USBH_LL_SetToggle
                0x000000000800ce4c       0x66 ./USB_HOST/Target/usbh_conf.o
                0x000000000800ce4c                USBH_LL_SetToggle
 .text.USBH_Delay
                0x000000000800ceb2       0x16 ./USB_HOST/Target/usbh_conf.o
                0x000000000800ceb2                USBH_Delay
 .text.USBH_Get_USB_Status
                0x000000000800cec8       0x58 ./USB_HOST/Target/usbh_conf.o
                0x000000000800cec8                USBH_Get_USB_Status
 .text.MX_DriverVbusHS
                0x000000000800cf20       0x38 ./USB_HOST/Target/usbh_platform.o
                0x000000000800cf20                MX_DriverVbusHS
 .text.malloc   0x000000000800cf58       0x10 C:/ST/STM32CubeIDE_1.13.2/STM32CubeIDE/plugins/com.st.stm32cube.ide.mcu.externaltools.gnu-tools-for-stm32.11.3.rel1.win32_1.1.100.202309141235/tools/bin/../lib/gcc/arm-none-eabi/11.3.1/../../../../arm-none-eabi/lib/thumb/v7e-m+fp/hard\libc_nano.a(libc_a-malloc.o)
                0x000000000800cf58                malloc
 .text.free     0x000000000800cf68       0x10 C:/ST/STM32CubeIDE_1.13.2/STM32CubeIDE/plugins/com.st.stm32cube.ide.mcu.externaltools.gnu-tools-for-stm32.11.3.rel1.win32_1.1.100.202309141235/tools/bin/../lib/gcc/arm-none-eabi/11.3.1/../../../../arm-none-eabi/lib/thumb/v7e-m+fp/hard\libc_nano.a(libc_a-malloc.o)
                0x000000000800cf68                free
 .text.sbrk_aligned
                0x000000000800cf78       0x40 C:/ST/STM32CubeIDE_1.13.2/STM32CubeIDE/plugins/com.st.stm32cube.ide.mcu.externaltools.gnu-tools-for-stm32.11.3.rel1.win32_1.1.100.202309141235/tools/bin/../lib/gcc/arm-none-eabi/11.3.1/../../../../arm-none-eabi/lib/thumb/v7e-m+fp/hard\libc_nano.a(libc_a-mallocr.o)
 .text._malloc_r
                0x000000000800cfb8      0x100 C:/ST/STM32CubeIDE_1.13.2/STM32CubeIDE/plugins/com.st.stm32cube.ide.mcu.externaltools.gnu-tools-for-stm32.11.3.rel1.win32_1.1.100.202309141235/tools/bin/../lib/gcc/arm-none-eabi/11.3.1/../../../../arm-none-eabi/lib/thumb/v7e-m+fp/hard\libc_nano.a(libc_a-mallocr.o)
                0x000000000800cfb8                _malloc_r
 .text.__malloc_lock
                0x000000000800d0b8        0xc C:/ST/STM32CubeIDE_1.13.2/STM32CubeIDE/plugins/com.st.stm32cube.ide.mcu.externaltools.gnu-tools-for-stm32.11.3.rel1.win32_1.1.100.202309141235/tools/bin/../lib/gcc/arm-none-eabi/11.3.1/../../../../arm-none-eabi/lib/thumb/v7e-m+fp/hard\libc_nano.a(libc_a-mlock.o)
                0x000000000800d0b8                __malloc_lock
 .text.__malloc_unlock
                0x000000000800d0c4        0xc C:/ST/STM32CubeIDE_1.13.2/STM32CubeIDE/plugins/com.st.stm32cube.ide.mcu.externaltools.gnu-tools-for-stm32.11.3.rel1.win32_1.1.100.202309141235/tools/bin/../lib/gcc/arm-none-eabi/11.3.1/../../../../arm-none-eabi/lib/thumb/v7e-m+fp/hard\libc_nano.a(libc_a-mlock.o)
                0x000000000800d0c4                __malloc_unlock
 .text.memset   0x000000000800d0d0       0x10 C:/ST/STM32CubeIDE_1.13.2/STM32CubeIDE/plugins/com.st.stm32cube.ide.mcu.externaltools.gnu-tools-for-stm32.11.3.rel1.win32_1.1.100.202309141235/tools/bin/../lib/gcc/arm-none-eabi/11.3.1/../../../../arm-none-eabi/lib/thumb/v7e-m+fp/hard\libc_nano.a(libc_a-memset.o)
                0x000000000800d0d0                memset
 .text._sbrk_r  0x000000000800d0e0       0x20 C:/ST/STM32CubeIDE_1.13.2/STM32CubeIDE/plugins/com.st.stm32cube.ide.mcu.externaltools.gnu-tools-for-stm32.11.3.rel1.win32_1.1.100.202309141235/tools/bin/../lib/gcc/arm-none-eabi/11.3.1/../../../../arm-none-eabi/lib/thumb/v7e-m+fp/hard\libc_nano.a(libc_a-sbrkr.o)
                0x000000000800d0e0                _sbrk_r
 .text.__errno  0x000000000800d100        0xc C:/ST/STM32CubeIDE_1.13.2/STM32CubeIDE/plugins/com.st.stm32cube.ide.mcu.externaltools.gnu-tools-for-stm32.11.3.rel1.win32_1.1.100.202309141235/tools/bin/../lib/gcc/arm-none-eabi/11.3.1/../../../../arm-none-eabi/lib/thumb/v7e-m+fp/hard\libc_nano.a(libc_a-errno.o)
                0x000000000800d100                __errno
 .text.__libc_init_array
                0x000000000800d10c       0x48 C:/ST/STM32CubeIDE_1.13.2/STM32CubeIDE/plugins/com.st.stm32cube.ide.mcu.externaltools.gnu-tools-for-stm32.11.3.rel1.win32_1.1.100.202309141235/tools/bin/../lib/gcc/arm-none-eabi/11.3.1/../../../../arm-none-eabi/lib/thumb/v7e-m+fp/hard\libc_nano.a(libc_a-init.o)
                0x000000000800d10c                __libc_init_array
 .text.__retarget_lock_acquire_recursive
                0x000000000800d154        0x2 C:/ST/STM32CubeIDE_1.13.2/STM32CubeIDE/plugins/com.st.stm32cube.ide.mcu.externaltools.gnu-tools-for-stm32.11.3.rel1.win32_1.1.100.202309141235/tools/bin/../lib/gcc/arm-none-eabi/11.3.1/../../../../arm-none-eabi/lib/thumb/v7e-m+fp/hard\libc_nano.a(libc_a-lock.o)
                0x000000000800d154                __retarget_lock_acquire_recursive
 .text.__retarget_lock_release_recursive
                0x000000000800d156        0x2 C:/ST/STM32CubeIDE_1.13.2/STM32CubeIDE/plugins/com.st.stm32cube.ide.mcu.externaltools.gnu-tools-for-stm32.11.3.rel1.win32_1.1.100.202309141235/tools/bin/../lib/gcc/arm-none-eabi/11.3.1/../../../../arm-none-eabi/lib/thumb/v7e-m+fp/hard\libc_nano.a(libc_a-lock.o)
                0x000000000800d156                __retarget_lock_release_recursive
 .text.memcpy   0x000000000800d158       0x1c C:/ST/STM32CubeIDE_1.13.2/STM32CubeIDE/plugins/com.st.stm32cube.ide.mcu.externaltools.gnu-tools-for-stm32.11.3.rel1.win32_1.1.100.202309141235/tools/bin/../lib/gcc/arm-none-eabi/11.3.1/../../../../arm-none-eabi/lib/thumb/v7e-m+fp/hard\libc_nano.a(libc_a-memcpy-stub.o)
                0x000000000800d158                memcpy
 .text._free_r  0x000000000800d174       0x98 C:/ST/STM32CubeIDE_1.13.2/STM32CubeIDE/plugins/com.st.stm32cube.ide.mcu.externaltools.gnu-tools-for-stm32.11.3.rel1.win32_1.1.100.202309141235/tools/bin/../lib/gcc/arm-none-eabi/11.3.1/../../../../arm-none-eabi/lib/thumb/v7e-m+fp/hard\libc_nano.a(libc_a-freer.o)
                0x000000000800d174                _free_r
 *(.glue_7)
 .glue_7        0x000000000800d20c        0x0 linker stubs
 *(.glue_7t)
 .glue_7t       0x000000000800d20c        0x0 linker stubs
 *(.eh_frame)
 .eh_frame      0x000000000800d20c        0x0 C:/ST/STM32CubeIDE_1.13.2/STM32CubeIDE/plugins/com.st.stm32cube.ide.mcu.externaltools.gnu-tools-for-stm32.11.3.rel1.win32_1.1.100.202309141235/tools/bin/../lib/gcc/arm-none-eabi/11.3.1/thumb/v7e-m+fp/hard/crtbegin.o
 *(.init)
 .init          0x000000000800d20c        0x4 C:/ST/STM32CubeIDE_1.13.2/STM32CubeIDE/plugins/com.st.stm32cube.ide.mcu.externaltools.gnu-tools-for-stm32.11.3.rel1.win32_1.1.100.202309141235/tools/bin/../lib/gcc/arm-none-eabi/11.3.1/thumb/v7e-m+fp/hard/crti.o
                0x000000000800d20c                _init
 .init          0x000000000800d210        0x8 C:/ST/STM32CubeIDE_1.13.2/STM32CubeIDE/plugins/com.st.stm32cube.ide.mcu.externaltools.gnu-tools-for-stm32.11.3.rel1.win32_1.1.100.202309141235/tools/bin/../lib/gcc/arm-none-eabi/11.3.1/thumb/v7e-m+fp/hard/crtn.o
 *(.fini)
 .fini          0x000000000800d218        0x4 C:/ST/STM32CubeIDE_1.13.2/STM32CubeIDE/plugins/com.st.stm32cube.ide.mcu.externaltools.gnu-tools-for-stm32.11.3.rel1.win32_1.1.100.202309141235/tools/bin/../lib/gcc/arm-none-eabi/11.3.1/thumb/v7e-m+fp/hard/crti.o
                0x000000000800d218                _fini
 .fini          0x000000000800d21c        0x8 C:/ST/STM32CubeIDE_1.13.2/STM32CubeIDE/plugins/com.st.stm32cube.ide.mcu.externaltools.gnu-tools-for-stm32.11.3.rel1.win32_1.1.100.202309141235/tools/bin/../lib/gcc/arm-none-eabi/11.3.1/thumb/v7e-m+fp/hard/crtn.o
                0x000000000800d224                . = ALIGN (0x4)
                0x000000000800d224                _etext = .

.vfp11_veneer   0x000000000800d224        0x0
 .vfp11_veneer  0x000000000800d224        0x0 linker stubs

.v4_bx          0x000000000800d224        0x0
 .v4_bx         0x000000000800d224        0x0 linker stubs

.iplt           0x000000000800d224        0x0
 .iplt          0x000000000800d224        0x0 C:/ST/STM32CubeIDE_1.13.2/STM32CubeIDE/plugins/com.st.stm32cube.ide.mcu.externaltools.gnu-tools-for-stm32.11.3.rel1.win32_1.1.100.202309141235/tools/bin/../lib/gcc/arm-none-eabi/11.3.1/thumb/v7e-m+fp/hard/crtbegin.o

.rodata         0x000000000800d224       0x84
                0x000000000800d224                . = ALIGN (0x4)
 *(.rodata)
 .rodata        0x000000000800d224       0x28 ./Core/Src/main.o
 .rodata        0x000000000800d24c        0x4 ./Middlewares/ST/STM32_USB_Host_Library/Class/CDC/Src/usbh_cdc.o
 .rodata        0x000000000800d250       0x38 ./Middlewares/ST/STM32_USB_Host_Library/Core/Src/usbh_core.o
 .rodata        0x000000000800d288        0x5 ./Middlewares/Third_Party/FreeRTOS/Source/tasks.o
 *(.rodata*)
 *fill*         0x000000000800d28d        0x3 
 .rodata.AHBPrescTable
                0x000000000800d290       0x10 ./Core/Src/system_stm32f4xx.o
                0x000000000800d290                AHBPrescTable
 .rodata.APBPrescTable
                0x000000000800d2a0        0x8 ./Core/Src/system_stm32f4xx.o
                0x000000000800d2a0                APBPrescTable
                0x000000000800d2a8                . = ALIGN (0x4)

.ARM.extab      0x000000000800d2a8        0x0
                0x000000000800d2a8                . = ALIGN (0x4)
 *(.ARM.extab* .gnu.linkonce.armextab.*)
                0x000000000800d2a8                . = ALIGN (0x4)

.ARM            0x000000000800d2a8        0x8
                0x000000000800d2a8                . = ALIGN (0x4)
                0x000000000800d2a8                __exidx_start = .
 *(.ARM.exidx*)
 .ARM.exidx     0x000000000800d2a8        0x8 C:/ST/STM32CubeIDE_1.13.2/STM32CubeIDE/plugins/com.st.stm32cube.ide.mcu.externaltools.gnu-tools-for-stm32.11.3.rel1.win32_1.1.100.202309141235/tools/bin/../lib/gcc/arm-none-eabi/11.3.1/thumb/v7e-m+fp/hard\libgcc.a(_udivmoddi4.o)
                0x000000000800d2b0                __exidx_end = .
                0x000000000800d2b0                . = ALIGN (0x4)

.rel.dyn        0x000000000800d2b0        0x0
 .rel.iplt      0x000000000800d2b0        0x0 C:/ST/STM32CubeIDE_1.13.2/STM32CubeIDE/plugins/com.st.stm32cube.ide.mcu.externaltools.gnu-tools-for-stm32.11.3.rel1.win32_1.1.100.202309141235/tools/bin/../lib/gcc/arm-none-eabi/11.3.1/thumb/v7e-m+fp/hard/crtbegin.o

.preinit_array  0x000000000800d2b0        0x0
                0x000000000800d2b0                . = ALIGN (0x4)
                0x000000000800d2b0                PROVIDE (__preinit_array_start = .)
 *(.preinit_array*)
                0x000000000800d2b0                PROVIDE (__preinit_array_end = .)
                0x000000000800d2b0                . = ALIGN (0x4)

.init_array     0x000000000800d2b0        0x4
                0x000000000800d2b0                . = ALIGN (0x4)
                0x000000000800d2b0                PROVIDE (__init_array_start = .)
 *(SORT_BY_NAME(.init_array.*))
 *(.init_array*)
 .init_array    0x000000000800d2b0        0x4 C:/ST/STM32CubeIDE_1.13.2/STM32CubeIDE/plugins/com.st.stm32cube.ide.mcu.externaltools.gnu-tools-for-stm32.11.3.rel1.win32_1.1.100.202309141235/tools/bin/../lib/gcc/arm-none-eabi/11.3.1/thumb/v7e-m+fp/hard/crtbegin.o
                0x000000000800d2b4                PROVIDE (__init_array_end = .)
                0x000000000800d2b4                . = ALIGN (0x4)

.fini_array     0x000000000800d2b4        0x4
                0x000000000800d2b4                . = ALIGN (0x4)
                [!provide]                        PROVIDE (__fini_array_start = .)
 *(SORT_BY_NAME(.fini_array.*))
 *(.fini_array*)
 .fini_array    0x000000000800d2b4        0x4 C:/ST/STM32CubeIDE_1.13.2/STM32CubeIDE/plugins/com.st.stm32cube.ide.mcu.externaltools.gnu-tools-for-stm32.11.3.rel1.win32_1.1.100.202309141235/tools/bin/../lib/gcc/arm-none-eabi/11.3.1/thumb/v7e-m+fp/hard/crtbegin.o
                [!provide]                        PROVIDE (__fini_array_end = .)
                0x000000000800d2b8                . = ALIGN (0x4)
                0x000000000800d2b8                _sidata = LOADADDR (.data)

.data           0x0000000020000000       0x80 load address 0x000000000800d2b8
                0x0000000020000000                . = ALIGN (0x4)
                0x0000000020000000                _sdata = .
 *(.data)
 *(.data*)
 .data.SystemCoreClock
                0x0000000020000000        0x4 ./Core/Src/system_stm32f4xx.o
                0x0000000020000000                SystemCoreClock
 .data.uwTickPrio
                0x0000000020000004        0x4 ./Drivers/STM32F4xx_HAL_Driver/Src/stm32f4xx_hal.o
                0x0000000020000004                uwTickPrio
 .data.uwTickFreq
                0x0000000020000008        0x1 ./Drivers/STM32F4xx_HAL_Driver/Src/stm32f4xx_hal.o
                0x0000000020000008                uwTickFreq
 *fill*         0x0000000020000009        0x3 
 .data.CDC_Class
                0x000000002000000c       0x20 ./Middlewares/ST/STM32_USB_Host_Library/Class/CDC/Src/usbh_cdc.o
                0x000000002000000c                CDC_Class
 .data.uxCriticalNesting
                0x000000002000002c        0x4 ./Middlewares/Third_Party/FreeRTOS/Source/portable/GCC/ARM_CM4F/port.o
 .data._impure_data
                0x0000000020000030       0x4c C:/ST/STM32CubeIDE_1.13.2/STM32CubeIDE/plugins/com.st.stm32cube.ide.mcu.externaltools.gnu-tools-for-stm32.11.3.rel1.win32_1.1.100.202309141235/tools/bin/../lib/gcc/arm-none-eabi/11.3.1/../../../../arm-none-eabi/lib/thumb/v7e-m+fp/hard\libc_nano.a(libc_a-impure.o)
                0x0000000020000030                _impure_data
 .data._impure_ptr
                0x000000002000007c        0x4 C:/ST/STM32CubeIDE_1.13.2/STM32CubeIDE/plugins/com.st.stm32cube.ide.mcu.externaltools.gnu-tools-for-stm32.11.3.rel1.win32_1.1.100.202309141235/tools/bin/../lib/gcc/arm-none-eabi/11.3.1/../../../../arm-none-eabi/lib/thumb/v7e-m+fp/hard\libc_nano.a(libc_a-impure.o)
                0x000000002000007c                _impure_ptr
 *(.RamFunc)
 *(.RamFunc*)
                0x0000000020000080                . = ALIGN (0x4)
                0x0000000020000080                _edata = .
                0x000000000800d338                _siccmram = LOADADDR (.ccmram)

.igot.plt       0x0000000020000080        0x0 load address 0x000000000800d338
 .igot.plt      0x0000000020000080        0x0 C:/ST/STM32CubeIDE_1.13.2/STM32CubeIDE/plugins/com.st.stm32cube.ide.mcu.externaltools.gnu-tools-for-stm32.11.3.rel1.win32_1.1.100.202309141235/tools/bin/../lib/gcc/arm-none-eabi/11.3.1/thumb/v7e-m+fp/hard/crtbegin.o

.ccmram         0x0000000010000000        0x0 load address 0x000000000800d338
                0x0000000010000000                . = ALIGN (0x4)
                0x0000000010000000                _sccmram = .
 *(.ccmram)
 *(.ccmram*)
                0x0000000010000000                . = ALIGN (0x4)
                0x0000000010000000                _eccmram = .
                0x0000000010000000                . = ALIGN (0x4)

.bss            0x0000000020000080     0x8f90
                0x0000000020000080                _sbss = .
                0x0000000020000080                __bss_start__ = _sbss
 *(.bss)
 .bss           0x0000000020000080       0x1c C:/ST/STM32CubeIDE_1.13.2/STM32CubeIDE/plugins/com.st.stm32cube.ide.mcu.externaltools.gnu-tools-for-stm32.11.3.rel1.win32_1.1.100.202309141235/tools/bin/../lib/gcc/arm-none-eabi/11.3.1/thumb/v7e-m+fp/hard/crtbegin.o
 *(.bss*)
 .bss.xIdleTaskTCBBuffer
                0x000000002000009c       0x58 ./Core/Src/freertos.o
 .bss.xIdleStack
                0x00000000200000f4      0x200 ./Core/Src/freertos.o
 .bss.hcrc      0x00000000200002f4        0x8 ./Core/Src/main.o
                0x00000000200002f4                hcrc
 .bss.hdma2d    0x00000000200002fc       0x40 ./Core/Src/main.o
                0x00000000200002fc                hdma2d
 .bss.hi2c3     0x000000002000033c       0x54 ./Core/Src/main.o
                0x000000002000033c                hi2c3
 .bss.hltdc     0x0000000020000390       0xa8 ./Core/Src/main.o
                0x0000000020000390                hltdc
 .bss.hspi5     0x0000000020000438       0x58 ./Core/Src/main.o
                0x0000000020000438                hspi5
 .bss.htim1     0x0000000020000490       0x48 ./Core/Src/main.o
                0x0000000020000490                htim1
 .bss.huart1    0x00000000200004d8       0x48 ./Core/Src/main.o
                0x00000000200004d8                huart1
 .bss.hsdram1   0x0000000020000520       0x34 ./Core/Src/main.o
                0x0000000020000520                hsdram1
 .bss.defaultTaskHandle
                0x0000000020000554        0x4 ./Core/Src/main.o
                0x0000000020000554                defaultTaskHandle
 .bss.FMC_Initialized
                0x0000000020000558        0x4 ./Core/Src/stm32f4xx_hal_msp.o
 .bss.htim6     0x000000002000055c       0x48 ./Core/Src/stm32f4xx_hal_timebase_tim.o
                0x000000002000055c                htim6
 .bss.__sbrk_heap_end
                0x00000000200005a4        0x4 ./Core/Src/sysmem.o
 .bss.uwTick    0x00000000200005a8        0x4 ./Drivers/STM32F4xx_HAL_Driver/Src/stm32f4xx_hal.o
                0x00000000200005a8                uwTick
 .bss.pxCurrentTCB
                0x00000000200005ac        0x4 ./Middlewares/Third_Party/FreeRTOS/Source/tasks.o
                0x00000000200005ac                pxCurrentTCB
 .bss.pxReadyTasksLists
                0x00000000200005b0       0x8c ./Middlewares/Third_Party/FreeRTOS/Source/tasks.o
 .bss.xDelayedTaskList1
                0x000000002000063c       0x14 ./Middlewares/Third_Party/FreeRTOS/Source/tasks.o
 .bss.xDelayedTaskList2
                0x0000000020000650       0x14 ./Middlewares/Third_Party/FreeRTOS/Source/tasks.o
 .bss.pxDelayedTaskList
                0x0000000020000664        0x4 ./Middlewares/Third_Party/FreeRTOS/Source/tasks.o
 .bss.pxOverflowDelayedTaskList
                0x0000000020000668        0x4 ./Middlewares/Third_Party/FreeRTOS/Source/tasks.o
 .bss.xPendingReadyList
                0x000000002000066c       0x14 ./Middlewares/Third_Party/FreeRTOS/Source/tasks.o
 .bss.xTasksWaitingTermination
                0x0000000020000680       0x14 ./Middlewares/Third_Party/FreeRTOS/Source/tasks.o
 .bss.uxDeletedTasksWaitingCleanUp
                0x0000000020000694        0x4 ./Middlewares/Third_Party/FreeRTOS/Source/tasks.o
 .bss.xSuspendedTaskList
                0x0000000020000698       0x14 ./Middlewares/Third_Party/FreeRTOS/Source/tasks.o
 .bss.uxCurrentNumberOfTasks
                0x00000000200006ac        0x4 ./Middlewares/Third_Party/FreeRTOS/Source/tasks.o
 .bss.xTickCount
                0x00000000200006b0        0x4 ./Middlewares/Third_Party/FreeRTOS/Source/tasks.o
 .bss.uxTopReadyPriority
                0x00000000200006b4        0x4 ./Middlewares/Third_Party/FreeRTOS/Source/tasks.o
 .bss.xSchedulerRunning
                0x00000000200006b8        0x4 ./Middlewares/Third_Party/FreeRTOS/Source/tasks.o
 .bss.xPendedTicks
                0x00000000200006bc        0x4 ./Middlewares/Third_Party/FreeRTOS/Source/tasks.o
 .bss.xYieldPending
                0x00000000200006c0        0x4 ./Middlewares/Third_Party/FreeRTOS/Source/tasks.o
 .bss.xNumOfOverflows
                0x00000000200006c4        0x4 ./Middlewares/Third_Party/FreeRTOS/Source/tasks.o
 .bss.uxTaskNumber
                0x00000000200006c8        0x4 ./Middlewares/Third_Party/FreeRTOS/Source/tasks.o
 .bss.xNextTaskUnblockTime
                0x00000000200006cc        0x4 ./Middlewares/Third_Party/FreeRTOS/Source/tasks.o
 .bss.xIdleTaskHandle
                0x00000000200006d0        0x4 ./Middlewares/Third_Party/FreeRTOS/Source/tasks.o
 .bss.uxSchedulerSuspended
                0x00000000200006d4        0x4 ./Middlewares/Third_Party/FreeRTOS/Source/tasks.o
 .bss.ucMaxSysCallPriority
                0x00000000200006d8        0x1 ./Middlewares/Third_Party/FreeRTOS/Source/portable/GCC/ARM_CM4F/port.o
 *fill*         0x00000000200006d9        0x3 
 .bss.ulMaxPRIGROUPValue
                0x00000000200006dc        0x4 ./Middlewares/Third_Party/FreeRTOS/Source/portable/GCC/ARM_CM4F/port.o
 .bss.ucHeap    0x00000000200006e0     0x8000 ./Middlewares/Third_Party/FreeRTOS/Source/portable/MemMang/heap_4.o
 .bss.xStart    0x00000000200086e0        0x8 ./Middlewares/Third_Party/FreeRTOS/Source/portable/MemMang/heap_4.o
 .bss.pxEnd     0x00000000200086e8        0x4 ./Middlewares/Third_Party/FreeRTOS/Source/portable/MemMang/heap_4.o
 .bss.xFreeBytesRemaining
                0x00000000200086ec        0x4 ./Middlewares/Third_Party/FreeRTOS/Source/portable/MemMang/heap_4.o
 .bss.xMinimumEverFreeBytesRemaining
                0x00000000200086f0        0x4 ./Middlewares/Third_Party/FreeRTOS/Source/portable/MemMang/heap_4.o
 .bss.xNumberOfSuccessfulAllocations
                0x00000000200086f4        0x4 ./Middlewares/Third_Party/FreeRTOS/Source/portable/MemMang/heap_4.o
 .bss.xNumberOfSuccessfulFrees
                0x00000000200086f8        0x4 ./Middlewares/Third_Party/FreeRTOS/Source/portable/MemMang/heap_4.o
 .bss.xBlockAllocatedBit
                0x00000000200086fc        0x4 ./Middlewares/Third_Party/FreeRTOS/Source/portable/MemMang/heap_4.o
 .bss.hUsbHostHS
                0x0000000020008700      0x3e4 ./USB_HOST/App/usb_host.o
                0x0000000020008700                hUsbHostHS
 .bss.Appli_state
                0x0000000020008ae4        0x1 ./USB_HOST/App/usb_host.o
                0x0000000020008ae4                Appli_state
 *fill*         0x0000000020008ae5        0x3 
 .bss.hhcd_USB_OTG_HS
                0x0000000020008ae8      0x3e0 ./USB_HOST/Target/usbh_conf.o
                0x0000000020008ae8                hhcd_USB_OTG_HS
 .bss.__malloc_free_list
                0x0000000020008ec8        0x4 C:/ST/STM32CubeIDE_1.13.2/STM32CubeIDE/plugins/com.st.stm32cube.ide.mcu.externaltools.gnu-tools-for-stm32.11.3.rel1.win32_1.1.100.202309141235/tools/bin/../lib/gcc/arm-none-eabi/11.3.1/../../../../arm-none-eabi/lib/thumb/v7e-m+fp/hard\libc_nano.a(libc_a-mallocr.o)
                0x0000000020008ec8                __malloc_free_list
 .bss.__malloc_sbrk_start
                0x0000000020008ecc        0x4 C:/ST/STM32CubeIDE_1.13.2/STM32CubeIDE/plugins/com.st.stm32cube.ide.mcu.externaltools.gnu-tools-for-stm32.11.3.rel1.win32_1.1.100.202309141235/tools/bin/../lib/gcc/arm-none-eabi/11.3.1/../../../../arm-none-eabi/lib/thumb/v7e-m+fp/hard\libc_nano.a(libc_a-mallocr.o)
                0x0000000020008ecc                __malloc_sbrk_start
 .bss.__sf      0x0000000020008ed0      0x138 C:/ST/STM32CubeIDE_1.13.2/STM32CubeIDE/plugins/com.st.stm32cube.ide.mcu.externaltools.gnu-tools-for-stm32.11.3.rel1.win32_1.1.100.202309141235/tools/bin/../lib/gcc/arm-none-eabi/11.3.1/../../../../arm-none-eabi/lib/thumb/v7e-m+fp/hard\libc_nano.a(libc_a-findfp.o)
                0x0000000020008ed0                __sf
 .bss.errno     0x0000000020009008        0x4 C:/ST/STM32CubeIDE_1.13.2/STM32CubeIDE/plugins/com.st.stm32cube.ide.mcu.externaltools.gnu-tools-for-stm32.11.3.rel1.win32_1.1.100.202309141235/tools/bin/../lib/gcc/arm-none-eabi/11.3.1/../../../../arm-none-eabi/lib/thumb/v7e-m+fp/hard\libc_nano.a(libc_a-reent.o)
                0x0000000020009008                errno
 .bss.__lock___malloc_recursive_mutex
                0x000000002000900c        0x1 C:/ST/STM32CubeIDE_1.13.2/STM32CubeIDE/plugins/com.st.stm32cube.ide.mcu.externaltools.gnu-tools-for-stm32.11.3.rel1.win32_1.1.100.202309141235/tools/bin/../lib/gcc/arm-none-eabi/11.3.1/../../../../arm-none-eabi/lib/thumb/v7e-m+fp/hard\libc_nano.a(libc_a-lock.o)
                0x000000002000900c                __lock___malloc_recursive_mutex
 *(COMMON)
                0x0000000020009010                . = ALIGN (0x4)
 *fill*         0x000000002000900d        0x3 
                0x0000000020009010                _ebss = .
                0x0000000020009010                __bss_end__ = _ebss

._user_heap_stack
                0x0000000020009010      0x600
                0x0000000020009010                . = ALIGN (0x8)
                [!provide]                        PROVIDE (end = .)
                0x0000000020009010                PROVIDE (_end = .)
                0x0000000020009210                . = (. + _Min_Heap_Size)
 *fill*         0x0000000020009010      0x200 
                0x0000000020009610                . = (. + _Min_Stack_Size)
 *fill*         0x0000000020009210      0x400 
                0x0000000020009610                . = ALIGN (0x8)

/DISCARD/
 libc.a(*)
 libm.a(*)
 libgcc.a(*)

.ARM.attributes
                0x0000000000000000       0x30
 *(.ARM.attributes)
 .ARM.attributes
                0x0000000000000000       0x1e C:/ST/STM32CubeIDE_1.13.2/STM32CubeIDE/plugins/com.st.stm32cube.ide.mcu.externaltools.gnu-tools-for-stm32.11.3.rel1.win32_1.1.100.202309141235/tools/bin/../lib/gcc/arm-none-eabi/11.3.1/thumb/v7e-m+fp/hard/crti.o
 .ARM.attributes
                0x000000000000001e       0x34 C:/ST/STM32CubeIDE_1.13.2/STM32CubeIDE/plugins/com.st.stm32cube.ide.mcu.externaltools.gnu-tools-for-stm32.11.3.rel1.win32_1.1.100.202309141235/tools/bin/../lib/gcc/arm-none-eabi/11.3.1/thumb/v7e-m+fp/hard/crtbegin.o
 .ARM.attributes
                0x0000000000000052       0x34 ./Core/Src/freertos.o
 .ARM.attributes
                0x0000000000000086       0x34 ./Core/Src/main.o
 .ARM.attributes
                0x00000000000000ba       0x34 ./Core/Src/stm32f4xx_hal_msp.o
 .ARM.attributes
                0x00000000000000ee       0x34 ./Core/Src/stm32f4xx_hal_timebase_tim.o
 .ARM.attributes
                0x0000000000000122       0x34 ./Core/Src/stm32f4xx_it.o
 .ARM.attributes
                0x0000000000000156       0x34 ./Core/Src/sysmem.o
 .ARM.attributes
                0x000000000000018a       0x34 ./Core/Src/system_stm32f4xx.o
 .ARM.attributes
                0x00000000000001be       0x21 ./Core/Startup/startup_stm32f429zitx.o
 .ARM.attributes
                0x00000000000001df       0x34 ./Drivers/STM32F4xx_HAL_Driver/Src/stm32f4xx_hal.o
 .ARM.attributes
                0x0000000000000213       0x34 ./Drivers/STM32F4xx_HAL_Driver/Src/stm32f4xx_hal_cortex.o
 .ARM.attributes
                0x0000000000000247       0x34 ./Drivers/STM32F4xx_HAL_Driver/Src/stm32f4xx_hal_crc.o
 .ARM.attributes
                0x000000000000027b       0x34 ./Drivers/STM32F4xx_HAL_Driver/Src/stm32f4xx_hal_dma2d.o
 .ARM.attributes
                0x00000000000002af       0x34 ./Drivers/STM32F4xx_HAL_Driver/Src/stm32f4xx_hal_gpio.o
 .ARM.attributes
                0x00000000000002e3       0x34 ./Drivers/STM32F4xx_HAL_Driver/Src/stm32f4xx_hal_hcd.o
 .ARM.attributes
                0x0000000000000317       0x34 ./Drivers/STM32F4xx_HAL_Driver/Src/stm32f4xx_hal_i2c.o
 .ARM.attributes
                0x000000000000034b       0x34 ./Drivers/STM32F4xx_HAL_Driver/Src/stm32f4xx_hal_i2c_ex.o
 .ARM.attributes
                0x000000000000037f       0x34 ./Drivers/STM32F4xx_HAL_Driver/Src/stm32f4xx_hal_ltdc.o
 .ARM.attributes
                0x00000000000003b3       0x34 ./Drivers/STM32F4xx_HAL_Driver/Src/stm32f4xx_hal_rcc.o
 .ARM.attributes
                0x00000000000003e7       0x34 ./Drivers/STM32F4xx_HAL_Driver/Src/stm32f4xx_hal_rcc_ex.o
 .ARM.attributes
                0x000000000000041b       0x34 ./Drivers/STM32F4xx_HAL_Driver/Src/stm32f4xx_hal_sdram.o
 .ARM.attributes
                0x000000000000044f       0x34 ./Drivers/STM32F4xx_HAL_Driver/Src/stm32f4xx_hal_spi.o
 .ARM.attributes
                0x0000000000000483       0x34 ./Drivers/STM32F4xx_HAL_Driver/Src/stm32f4xx_hal_tim.o
 .ARM.attributes
                0x00000000000004b7       0x34 ./Drivers/STM32F4xx_HAL_Driver/Src/stm32f4xx_hal_tim_ex.o
 .ARM.attributes
                0x00000000000004eb       0x34 ./Drivers/STM32F4xx_HAL_Driver/Src/stm32f4xx_hal_uart.o
 .ARM.attributes
                0x000000000000051f       0x34 ./Drivers/STM32F4xx_HAL_Driver/Src/stm32f4xx_ll_fmc.o
 .ARM.attributes
                0x0000000000000553       0x34 ./Drivers/STM32F4xx_HAL_Driver/Src/stm32f4xx_ll_usb.o
 .ARM.attributes
                0x0000000000000587       0x34 ./Middlewares/ST/STM32_USB_Host_Library/Class/CDC/Src/usbh_cdc.o
 .ARM.attributes
                0x00000000000005bb       0x34 ./Middlewares/ST/STM32_USB_Host_Library/Core/Src/usbh_core.o
 .ARM.attributes
                0x00000000000005ef       0x34 ./Middlewares/ST/STM32_USB_Host_Library/Core/Src/usbh_ctlreq.o
 .ARM.attributes