(---------------------------------------------------------------------)
(                                                                     )
(    Allegro Netrev Import Logic                                      )
(                                                                     )
(    Drawing          : pcb_ruler.brd                                 )
(    Software Version : 23.1S004                                      )
(    Date/Time        : Wed Jun 19 15:11:57 2024                      )
(                                                                     )
(---------------------------------------------------------------------)


------ Directives ------------

Ripup etch:                  No
Ripup delete first segment:  No
Ripup retain bondwire:       No
Ripup symbols:               Always
Missing symbol has error:    No
DRC update:                  Yes
Schematic directory:         '.'
Design Directory:            'd:/projects/projectscience/electronics/dosti_pcbruler/allegro'
Old design name:             'd:/projects/projectscience/electronics/dosti_pcbruler/allegro/pcb_ruler.brd'
New design name:             'd:/projects/projectscience/electronics/dosti_pcbruler/allegro/pcb_ruler.brd'

CmdLine: netrev -y 1 -q netrev_constraint_report.xml d:/projects/projectscience/electronics/dosti_pcbruler/allegro/#Taaaafp23260.tmp

------ Preparing to read pst files ------

Starting to read ./pstchip.dat 
   Finished reading ./pstchip.dat (00:00:00.01)
Starting to read ./pstxprt.dat 
   Finished reading ./pstxprt.dat (00:00:00.00)
Starting to read ./pstxnet.dat 
   Finished reading ./pstxnet.dat (00:00:00.00)

------ Oversights/Warnings/Errors ------


------ Library Paths ------
MODULEPATH =  . 
           c:/cadence/spb_23.1/share/local/pcb/modules 

PSMPATH =  . 
           symbols 
           .. 
           ../symbols 
           c:/cadence/spb_23.1/share/local/pcb/symbols 
           c:/cadence/spb_23.1/share/pcb/pcb_lib/symbols 
           c:/cadence/spb_23.1/share/pcb/allegrolib/symbols 

PADPATH =  . 
           symbols 
           .. 
           ../symbols 
           c:/cadence/spb_23.1/share/local/pcb/padstacks 
           c:/cadence/spb_23.1/share/pcb/pcb_lib/symbols 
           c:/cadence/spb_23.1/share/pcb/allegrolib/symbols 


------ Summary Statistics ------


netrev run on Jun 19 15:11:57 2024
   DESIGN NAME : 'PCB_RULER'
   PACKAGING ON Apr 17 2024 22:27:39

   COMPILE 'logic'
   CHECK_PIN_NAMES OFF
   CROSS_REFERENCE OFF
   FEEDBACK OFF
   INCREMENTAL OFF
   INTERFACE_TYPE PHYSICAL
   MAX_ERRORS 500
   MERGE_MINIMUM 5
   NET_NAME_CHARS '#%&()*+-./:=>?@[]^_`|'
   NET_NAME_LENGTH 24
   OVERSIGHTS ON
   REPLACE_CHECK OFF
   SINGLE_NODE_NETS ON
   SPLIT_MINIMUM 0
   SUPPRESS   20
   WARNINGS ON

 No error detected
 No oversight detected
 No warning detected

cpu time      0:00:20
elapsed time  0:00:00

