../Core/Src/main.c:69:6:Loading	16	static
../Core/Src/main.c:91:5:main	8	static
../Core/Src/main.c:247:6:SystemClock_Config	88	static
../Core/Src/main.c:294:13:MX_ADC1_Init	24	static
../Core/Src/main.c:341:13:MX_I2C2_Init	8	static
../Core/Src/main.c:375:13:MX_TIM4_Init	64	static
../Core/Src/main.c:446:13:MX_GPIO_Init	40	static
../Core/Src/main.c:495:6:HAL_ADC_ConvCpltCallback	16	static
../Core/Src/main.c:503:6:MOVE_FORWARD	4	static
../Core/Src/main.c:510:6:MOVE_BACK	4	static
../Core/Src/main.c:517:6:STOP	4	static
../Core/Src/main.c:529:6:Error_Handler	4	static,ignoring_inline_asm
