15:05:51 **** Incremental Build of configuration Debug for project MPS2_POT ****
make -j4 all 
arm-none-eabi-gcc "../Core/Src/main.c" -mcpu=cortex-m3 -std=gnu11 -g3 -DDEBUG -DUSE_HAL_DRIVER -DSTM32F103xB -c -I../Core/Inc -I../Drivers/STM32F1xx_HAL_Driver/Inc/Legacy -I../Drivers/STM32F1xx_HAL_Driver/Inc -I../Drivers/CMSIS/Device/ST/STM32F1xx/Include -I../Drivers/CMSIS/Include -O0 -ffunction-sections -fdata-sections -Wall -fstack-usage -fcyclomatic-complexity -MMD -MP -MF"Core/Src/main.d" -MT"Core/Src/main.o" --specs=nano.specs -mfloat-abi=soft -mthumb -o "Core/Src/main.o"
arm-none-eabi-g++ -o "MPS2_POT.elf" @"objects.list"   -mcpu=cortex-m3 -T"D:\.workshop\Engineering\ProjectScience\HW_STM\MPS2_POT\STM32F103C8TX_FLASH.ld" --specs=nosys.specs -Wl,-Map="MPS2_POT.map" -Wl,--gc-sections -static --specs=nano.specs -mfloat-abi=soft -mthumb -Wl,--start-group -lc -lm -lstdc++ -lsupc++ -Wl,--end-group
Finished building target: MPS2_POT.elf
 
arm-none-eabi-size   MPS2_POT.elf 
arm-none-eabi-objdump -h -S  MPS2_POT.elf  > "MPS2_POT.list"
   text	   data	    bss	    dec	    hex	filename
   7576	     20	   1620	   9216	   2400	MPS2_POT.elf
Finished building: default.size.stdout
 
Finished building: MPS2_POT.list
 

15:05:52 Build Finished. 0 errors, 0 warnings. (took 1s.615ms)

